C:/Users/bens1/Documents/Uni/Robotics/MSL/MSL_Imperial_2023/Software/STM32_Firmware/Gateway_Firmware/CANopenNode/301/CO_Emergency.h:642:22:CO_isError	24	static
C:/Users/bens1/Documents/Uni/Robotics/MSL/MSL_Imperial_2023/Software/STM32_Firmware/Gateway_Firmware/CANopenNode/301/CO_Emergency.h:657:23:CO_getErrorRegister	16	static
../CANopenNode/301/CO_NMT_Heartbeat.h:318:38:CO_NMT_getInternalState	16	static
../CANopenNode/305/CO_LSSslave.h:192:30:CO_LSSslave_getState	16	static
../CANopenNode/CANopen.c:323:7:CO_new	32	static
../CANopenNode/CANopen.c:615:6:CO_delete	16	static
../CANopenNode/CANopen.c:834:8:CO_isLSSslaveEnabled	24	static
../CANopenNode/CANopen.c:844:18:CO_CANinit	48	static
../CANopenNode/CANopen.c:867:18:CO_LSSinit	56	static
../CANopenNode/CANopen.c:896:18:CO_CANopenInit	88	static
../CANopenNode/CANopen.c:1206:18:CO_CANopenInitPDO	80	static
../CANopenNode/CANopen.c:1293:20:CO_process	112	static
../CANopenNode/CANopen.c:1409:8:CO_process_SYNC	40	static
../CANopenNode/CANopen.c:1444:6:CO_process_RPDO	40	static
../CANopenNode/CANopen.c:1472:6:CO_process_TPDO	40	static
