../Drivers/STM32U5xx_HAL_Driver/Inc/stm32u5xx_ll_utils.h:291:22:LL_InitTick	16	static
../Drivers/STM32U5xx_HAL_Driver/Inc/stm32u5xx_ll_rcc.h:1474:22:LL_RCC_HSE_EnableBypass	4	static
../Drivers/STM32U5xx_HAL_Driver/Inc/stm32u5xx_ll_rcc.h:1484:22:LL_RCC_HSE_DisableBypass	4	static
../Drivers/STM32U5xx_HAL_Driver/Inc/stm32u5xx_ll_rcc.h:1494:22:LL_RCC_HSE_Enable	4	static
../Drivers/STM32U5xx_HAL_Driver/Inc/stm32u5xx_ll_rcc.h:1514:26:LL_RCC_HSE_IsReady	4	static
../Drivers/STM32U5xx_HAL_Driver/Inc/stm32u5xx_ll_rcc.h:1589:22:LL_RCC_HSI_Enable	4	static
../Drivers/STM32U5xx_HAL_Driver/Inc/stm32u5xx_ll_rcc.h:1609:26:LL_RCC_HSI_IsReady	4	static
../Drivers/STM32U5xx_HAL_Driver/Inc/stm32u5xx_ll_rcc.h:2046:22:LL_RCC_MSIS_Enable	4	static
../Drivers/STM32U5xx_HAL_Driver/Inc/stm32u5xx_ll_rcc.h:2068:26:LL_RCC_MSIS_IsReady	4	static
../Drivers/STM32U5xx_HAL_Driver/Inc/stm32u5xx_ll_rcc.h:2241:26:LL_RCC_MSI_IsEnabledRangeSelect	4	static
../Drivers/STM32U5xx_HAL_Driver/Inc/stm32u5xx_ll_rcc.h:2295:26:LL_RCC_MSIS_GetRange	4	static
../Drivers/STM32U5xx_HAL_Driver/Inc/stm32u5xx_ll_rcc.h:2328:26:LL_RCC_MSIS_GetRangeAfterStandby	4	static
../Drivers/STM32U5xx_HAL_Driver/Inc/stm32u5xx_ll_rcc.h:2546:22:LL_RCC_SetSysClkSource	16	static
../Drivers/STM32U5xx_HAL_Driver/Inc/stm32u5xx_ll_rcc.h:2560:26:LL_RCC_GetSysClkSource	4	static
../Drivers/STM32U5xx_HAL_Driver/Inc/stm32u5xx_ll_rcc.h:2580:22:LL_RCC_SetAHBPrescaler	16	static
../Drivers/STM32U5xx_HAL_Driver/Inc/stm32u5xx_ll_rcc.h:2610:22:LL_RCC_SetAPB1Prescaler	16	static
../Drivers/STM32U5xx_HAL_Driver/Inc/stm32u5xx_ll_rcc.h:2626:22:LL_RCC_SetAPB2Prescaler	16	static
../Drivers/STM32U5xx_HAL_Driver/Inc/stm32u5xx_ll_rcc.h:2642:22:LL_RCC_SetAPB3Prescaler	16	static
../Drivers/STM32U5xx_HAL_Driver/Inc/stm32u5xx_ll_rcc.h:3834:22:LL_RCC_PLL1_Enable	4	static
../Drivers/STM32U5xx_HAL_Driver/Inc/stm32u5xx_ll_rcc.h:3857:26:LL_RCC_PLL1_IsReady	4	static
../Drivers/STM32U5xx_HAL_Driver/Inc/stm32u5xx_ll_rcc.h:3881:22:LL_RCC_PLL1_ConfigDomain_SYS	24	static
../Drivers/STM32U5xx_HAL_Driver/Inc/stm32u5xx_ll_rcc.h:4172:22:LL_RCC_PLL1_EnableDomain_SYS	4	static
../Drivers/STM32U5xx_HAL_Driver/Inc/stm32u5xx_ll_rcc.h:4345:26:LL_RCC_PLL2_IsReady	4	static
../Drivers/STM32U5xx_HAL_Driver/Inc/stm32u5xx_ll_rcc.h:4761:26:LL_RCC_PLL3_IsReady	4	static
../Drivers/STM32U5xx_HAL_Driver/Inc/stm32u5xx_ll_system.h:1600:22:LL_FLASH_SetLatency	16	static
../Drivers/STM32U5xx_HAL_Driver/Inc/stm32u5xx_ll_system.h:1626:26:LL_FLASH_GetLatency	4	static
../Drivers/STM32U5xx_HAL_Driver/Inc/stm32u5xx_ll_pwr.h:1712:26:LL_PWR_GetRegulVoltageScaling	4	static
../Drivers/STM32U5xx_HAL_Driver/Src/stm32u5xx_ll_utils.c:170:6:LL_Init1msTick	16	static
../Drivers/STM32U5xx_HAL_Driver/Src/stm32u5xx_ll_utils.c:187:6:LL_mDelay	24	static
../Drivers/STM32U5xx_HAL_Driver/Src/stm32u5xx_ll_utils.c:259:6:LL_SetSystemCoreClock	16	static
../Drivers/STM32U5xx_HAL_Driver/Src/stm32u5xx_ll_utils.c:273:13:LL_SetFlashLatency	32	static
../Drivers/STM32U5xx_HAL_Driver/Src/stm32u5xx_ll_utils.c:437:13:LL_PLL_ConfigSystemClock_MSI	32	static
../Drivers/STM32U5xx_HAL_Driver/Src/stm32u5xx_ll_utils.c:548:13:LL_PLL_ConfigSystemClock_HSI	24	static
../Drivers/STM32U5xx_HAL_Driver/Src/stm32u5xx_ll_utils.c:607:13:LL_PLL_ConfigSystemClock_HSE	32	static
../Drivers/STM32U5xx_HAL_Driver/Src/stm32u5xx_ll_utils.c:680:17:UTILS_GetPLLOutputFrequency	24	static
../Drivers/STM32U5xx_HAL_Driver/Src/stm32u5xx_ll_utils.c:711:20:UTILS_PLL_IsBusy	16	static
../Drivers/STM32U5xx_HAL_Driver/Src/stm32u5xx_ll_utils.c:748:20:UTILS_EnablePLLAndSwitchSystem	24	static
