../Drivers/STM32U5xx_HAL_Driver/Inc/stm32u5xx_ll_adc.h:3002:22:LL_ADC_SetCommonClock	16	static
../Drivers/STM32U5xx_HAL_Driver/Inc/stm32u5xx_ll_adc.h:3138:22:LL_ADC_SetCommonPathInternalCh	16	static
../Drivers/STM32U5xx_HAL_Driver/Inc/stm32u5xx_ll_adc.h:3160:26:LL_ADC_GetCommonPathInternalCh	16	static
../Drivers/STM32U5xx_HAL_Driver/Inc/stm32u5xx_ll_adc.h:3350:22:LL_ADC_SetResolution	24	static
../Drivers/STM32U5xx_HAL_Driver/Inc/stm32u5xx_ll_adc.h:3621:22:LL_ADC_SetOffset	32	static
../Drivers/STM32U5xx_HAL_Driver/Inc/stm32u5xx_ll_adc.h:3695:26:LL_ADC_GetOffsetChannel	24	static
../Drivers/STM32U5xx_HAL_Driver/Inc/stm32u5xx_ll_adc.h:3750:22:LL_ADC_SetOffsetSign	32	static
../Drivers/STM32U5xx_HAL_Driver/Inc/stm32u5xx_ll_adc.h:3799:22:LL_ADC_SetOffsetSignedSaturation	32	static
../Drivers/STM32U5xx_HAL_Driver/Inc/stm32u5xx_ll_adc.h:3847:22:LL_ADC_SetOffsetUnsignedSaturation	32	static
../Drivers/STM32U5xx_HAL_Driver/Inc/stm32u5xx_ll_adc.h:3897:22:LL_ADC_SetGainCompensation	16	static
../Drivers/STM32U5xx_HAL_Driver/Inc/stm32u5xx_ll_adc.h:3967:22:LL_ADC_SetSamplingTimeCommonChannels	24	static
../Drivers/STM32U5xx_HAL_Driver/Inc/stm32u5xx_ll_adc.h:4146:26:LL_ADC_REG_IsTriggerSourceSWStart	16	static
../Drivers/STM32U5xx_HAL_Driver/Inc/stm32u5xx_ll_adc.h:4676:22:LL_ADC_REG_SetSequencerRanks	40	static,ignoring_inline_asm
../Drivers/STM32U5xx_HAL_Driver/Inc/stm32u5xx_ll_adc.h:5016:22:LL_ADC_REG_SetSequencerChAdd	32	static,ignoring_inline_asm
../Drivers/STM32U5xx_HAL_Driver/Inc/stm32u5xx_ll_adc.h:5100:22:LL_ADC_REG_SetSequencerChRem	16	static
../Drivers/STM32U5xx_HAL_Driver/Inc/stm32u5xx_ll_adc.h:5544:26:LL_ADC_REG_GetDMATransfer	16	static
../Drivers/STM32U5xx_HAL_Driver/Inc/stm32u5xx_ll_adc.h:5707:26:LL_ADC_INJ_IsTriggerSourceSWStart	16	static
../Drivers/STM32U5xx_HAL_Driver/Inc/stm32u5xx_ll_adc.h:6362:22:LL_ADC_SetChannelSamplingTime	48	static,ignoring_inline_asm
../Drivers/STM32U5xx_HAL_Driver/Inc/stm32u5xx_ll_adc.h:6552:22:LL_ADC_SetChannelSingleDiff	24	static
../Drivers/STM32U5xx_HAL_Driver/Inc/stm32u5xx_ll_adc.h:6746:22:LL_ADC_SetAnalogWDMonitChannels	32	static
../Drivers/STM32U5xx_HAL_Driver/Inc/stm32u5xx_ll_adc.h:7204:22:LL_ADC_ConfigAnalogWDThresholds	32	static
../Drivers/STM32U5xx_HAL_Driver/Inc/stm32u5xx_ll_adc.h:7275:22:LL_ADC_SetAWDFilteringConfiguration	24	static
../Drivers/STM32U5xx_HAL_Driver/Inc/stm32u5xx_ll_adc.h:7805:22:LL_ADC_DisableDeepPowerDown	16	static
../Drivers/STM32U5xx_HAL_Driver/Inc/stm32u5xx_ll_adc.h:7819:26:LL_ADC_IsDeepPowerDownEnabled	16	static
../Drivers/STM32U5xx_HAL_Driver/Inc/stm32u5xx_ll_adc.h:7838:22:LL_ADC_EnableInternalRegulator	16	static
../Drivers/STM32U5xx_HAL_Driver/Inc/stm32u5xx_ll_adc.h:7866:26:LL_ADC_IsInternalRegulatorEnabled	16	static
../Drivers/STM32U5xx_HAL_Driver/Inc/stm32u5xx_ll_adc.h:7887:22:LL_ADC_Enable	16	static
../Drivers/STM32U5xx_HAL_Driver/Inc/stm32u5xx_ll_adc.h:7905:22:LL_ADC_Disable	16	static
../Drivers/STM32U5xx_HAL_Driver/Inc/stm32u5xx_ll_adc.h:7922:26:LL_ADC_IsEnabled	16	static
../Drivers/STM32U5xx_HAL_Driver/Inc/stm32u5xx_ll_adc.h:7933:26:LL_ADC_IsDisableOngoing	16	static
../Drivers/STM32U5xx_HAL_Driver/Inc/stm32u5xx_ll_adc.h:8022:22:LL_ADC_REG_StartConversion	16	static
../Drivers/STM32U5xx_HAL_Driver/Inc/stm32u5xx_ll_adc.h:8040:22:LL_ADC_REG_StopConversion	16	static
../Drivers/STM32U5xx_HAL_Driver/Inc/stm32u5xx_ll_adc.h:8056:26:LL_ADC_REG_IsConversionOngoing	16	static
../Drivers/STM32U5xx_HAL_Driver/Inc/stm32u5xx_ll_adc.h:8233:22:LL_ADC_INJ_StopConversion	16	static
../Drivers/STM32U5xx_HAL_Driver/Inc/stm32u5xx_ll_adc.h:8247:26:LL_ADC_INJ_IsConversionOngoing	16	static
../Drivers/STM32U5xx_HAL_Driver/Inc/stm32u5xx_ll_adc.h:8625:22:LL_ADC_ClearFlag_AWD1	16	static
../Drivers/STM32U5xx_HAL_Driver/Inc/stm32u5xx_ll_adc.h:8636:22:LL_ADC_ClearFlag_AWD2	16	static
../Drivers/STM32U5xx_HAL_Driver/Inc/stm32u5xx_ll_adc.h:8647:22:LL_ADC_ClearFlag_AWD3	16	static
../Drivers/STM32U5xx_HAL_Driver/Inc/stm32u5xx_ll_adc.h:8744:22:LL_ADC_EnableIT_AWD1	16	static
../Drivers/STM32U5xx_HAL_Driver/Inc/stm32u5xx_ll_adc.h:8755:22:LL_ADC_EnableIT_AWD2	16	static
../Drivers/STM32U5xx_HAL_Driver/Inc/stm32u5xx_ll_adc.h:8766:22:LL_ADC_EnableIT_AWD3	16	static
../Drivers/STM32U5xx_HAL_Driver/Inc/stm32u5xx_ll_adc.h:8865:22:LL_ADC_DisableIT_AWD1	16	static
../Drivers/STM32U5xx_HAL_Driver/Inc/stm32u5xx_ll_adc.h:8876:22:LL_ADC_DisableIT_AWD2	16	static
../Drivers/STM32U5xx_HAL_Driver/Inc/stm32u5xx_ll_adc.h:8887:22:LL_ADC_DisableIT_AWD3	16	static
../Drivers/STM32U5xx_HAL_Driver/Src/stm32u5xx_hal_adc.c:406:19:HAL_ADC_Init	48	static
../Drivers/STM32U5xx_HAL_Driver/Src/stm32u5xx_hal_adc.c:952:19:HAL_ADC_DeInit	24	static
../Drivers/STM32U5xx_HAL_Driver/Src/stm32u5xx_hal_adc.c:1212:13:HAL_ADC_MspInit	16	static
../Drivers/STM32U5xx_HAL_Driver/Src/stm32u5xx_hal_adc.c:1229:13:HAL_ADC_MspDeInit	16	static
../Drivers/STM32U5xx_HAL_Driver/Src/stm32u5xx_hal_adc.c:1561:19:HAL_ADC_Start	24	static
../Drivers/STM32U5xx_HAL_Driver/Src/stm32u5xx_hal_adc.c:1705:19:HAL_ADC_Stop	24	static
../Drivers/STM32U5xx_HAL_Driver/Src/stm32u5xx_hal_adc.c:1756:19:HAL_ADC_PollForConversion	32	static
../Drivers/STM32U5xx_HAL_Driver/Src/stm32u5xx_hal_adc.c:1998:19:HAL_ADC_PollForEvent	32	static
../Drivers/STM32U5xx_HAL_Driver/Src/stm32u5xx_hal_adc.c:2133:19:HAL_ADC_Start_IT	24	static
../Drivers/STM32U5xx_HAL_Driver/Src/stm32u5xx_hal_adc.c:2339:19:HAL_ADC_Stop_IT	24	static
../Drivers/STM32U5xx_HAL_Driver/Src/stm32u5xx_hal_adc.c:2389:19:HAL_ADC_Start_DMA	144	static
../Drivers/STM32U5xx_HAL_Driver/Src/stm32u5xx_hal_adc.c:2596:19:HAL_ADC_Stop_DMA	24	static
../Drivers/STM32U5xx_HAL_Driver/Src/stm32u5xx_hal_adc.c:2688:10:HAL_ADC_GetValue	16	static
../Drivers/STM32U5xx_HAL_Driver/Src/stm32u5xx_hal_adc.c:2705:6:HAL_ADC_IRQHandler	40	static
../Drivers/STM32U5xx_HAL_Driver/Src/stm32u5xx_hal_adc.c:3160:13:HAL_ADC_ConvCpltCallback	16	static
../Drivers/STM32U5xx_HAL_Driver/Src/stm32u5xx_hal_adc.c:3175:13:HAL_ADC_ConvHalfCpltCallback	16	static
../Drivers/STM32U5xx_HAL_Driver/Src/stm32u5xx_hal_adc.c:3190:13:HAL_ADC_LevelOutOfWindowCallback	16	static
../Drivers/STM32U5xx_HAL_Driver/Src/stm32u5xx_hal_adc.c:3212:13:HAL_ADC_ErrorCallback	16	static
../Drivers/STM32U5xx_HAL_Driver/Src/stm32u5xx_hal_adc.c:3227:13:HAL_ADC_CalibrationCpltCallback	16	static
../Drivers/STM32U5xx_HAL_Driver/Src/stm32u5xx_hal_adc.c:3242:13:HAL_ADC_VoltageRegulatorCallback	16	static
../Drivers/STM32U5xx_HAL_Driver/Src/stm32u5xx_hal_adc.c:3257:13:HAL_ADC_ADCReadyCallback	16	static
../Drivers/STM32U5xx_HAL_Driver/Src/stm32u5xx_hal_adc.c:3303:19:HAL_ADC_ConfigChannel	248	static,ignoring_inline_asm
../Drivers/STM32U5xx_HAL_Driver/Src/stm32u5xx_hal_adc.c:3822:19:HAL_ADC_AnalogWDGConfig	64	static,ignoring_inline_asm
../Drivers/STM32U5xx_HAL_Driver/Src/stm32u5xx_hal_adc.c:4115:10:HAL_ADC_GetState	16	static
../Drivers/STM32U5xx_HAL_Driver/Src/stm32u5xx_hal_adc.c:4129:10:HAL_ADC_GetError	16	static
../Drivers/STM32U5xx_HAL_Driver/Src/stm32u5xx_hal_adc.c:4159:19:ADC_ConversionStop	40	static
../Drivers/STM32U5xx_HAL_Driver/Src/stm32u5xx_hal_adc.c:4287:19:ADC_Enable	24	static
../Drivers/STM32U5xx_HAL_Driver/Src/stm32u5xx_hal_adc.c:4373:19:ADC_Disable	24	static
../Drivers/STM32U5xx_HAL_Driver/Src/stm32u5xx_hal_adc.c:4434:6:ADC_DMAConvCplt	24	static
../Drivers/STM32U5xx_HAL_Driver/Src/stm32u5xx_hal_adc.c:4512:6:ADC_DMAHalfConvCplt	24	static
../Drivers/STM32U5xx_HAL_Driver/Src/stm32u5xx_hal_adc.c:4530:6:ADC_DMAError	24	static
