../Drivers/STM32U5xx_HAL_Driver/Src/stm32u5xx_hal_pcd.c:132:19:HAL_PCD_Init	80	static
../Drivers/STM32U5xx_HAL_Driver/Src/stm32u5xx_hal_pcd.c:261:19:HAL_PCD_DeInit	16	static
../Drivers/STM32U5xx_HAL_Driver/Src/stm32u5xx_hal_pcd.c:300:13:HAL_PCD_MspInit	16	static
../Drivers/STM32U5xx_HAL_Driver/Src/stm32u5xx_hal_pcd.c:315:13:HAL_PCD_MspDeInit	16	static
../Drivers/STM32U5xx_HAL_Driver/Src/stm32u5xx_hal_pcd.c:1018:19:HAL_PCD_Start	24	static
../Drivers/STM32U5xx_HAL_Driver/Src/stm32u5xx_hal_pcd.c:1044:19:HAL_PCD_Stop	24	static
../Drivers/STM32U5xx_HAL_Driver/Src/stm32u5xx_hal_pcd.c:1078:6:HAL_PCD_IRQHandler	64	static
../Drivers/STM32U5xx_HAL_Driver/Src/stm32u5xx_hal_pcd.c:1685:13:HAL_PCD_DataOutStageCallback	16	static
../Drivers/STM32U5xx_HAL_Driver/Src/stm32u5xx_hal_pcd.c:1702:13:HAL_PCD_DataInStageCallback	16	static
../Drivers/STM32U5xx_HAL_Driver/Src/stm32u5xx_hal_pcd.c:1717:13:HAL_PCD_SetupStageCallback	16	static
../Drivers/STM32U5xx_HAL_Driver/Src/stm32u5xx_hal_pcd.c:1732:13:HAL_PCD_SOFCallback	16	static
../Drivers/STM32U5xx_HAL_Driver/Src/stm32u5xx_hal_pcd.c:1747:13:HAL_PCD_ResetCallback	16	static
../Drivers/STM32U5xx_HAL_Driver/Src/stm32u5xx_hal_pcd.c:1762:13:HAL_PCD_SuspendCallback	16	static
../Drivers/STM32U5xx_HAL_Driver/Src/stm32u5xx_hal_pcd.c:1777:13:HAL_PCD_ResumeCallback	16	static
../Drivers/STM32U5xx_HAL_Driver/Src/stm32u5xx_hal_pcd.c:1793:13:HAL_PCD_ISOOUTIncompleteCallback	16	static
../Drivers/STM32U5xx_HAL_Driver/Src/stm32u5xx_hal_pcd.c:1810:13:HAL_PCD_ISOINIncompleteCallback	16	static
../Drivers/STM32U5xx_HAL_Driver/Src/stm32u5xx_hal_pcd.c:1826:13:HAL_PCD_ConnectCallback	16	static
../Drivers/STM32U5xx_HAL_Driver/Src/stm32u5xx_hal_pcd.c:1841:13:HAL_PCD_DisconnectCallback	16	static
../Drivers/STM32U5xx_HAL_Driver/Src/stm32u5xx_hal_pcd.c:1875:19:HAL_PCD_DevConnect	24	static
../Drivers/STM32U5xx_HAL_Driver/Src/stm32u5xx_hal_pcd.c:1902:19:HAL_PCD_DevDisconnect	24	static
../Drivers/STM32U5xx_HAL_Driver/Src/stm32u5xx_hal_pcd.c:1930:19:HAL_PCD_SetAddress	16	static
../Drivers/STM32U5xx_HAL_Driver/Src/stm32u5xx_hal_pcd.c:1947:19:HAL_PCD_EP_Open	24	static
../Drivers/STM32U5xx_HAL_Driver/Src/stm32u5xx_hal_pcd.c:1995:19:HAL_PCD_EP_Close	24	static
../Drivers/STM32U5xx_HAL_Driver/Src/stm32u5xx_hal_pcd.c:2026:19:HAL_PCD_EP_Receive	32	static
../Drivers/STM32U5xx_HAL_Driver/Src/stm32u5xx_hal_pcd.c:2059:10:HAL_PCD_EP_GetRxCount	16	static
../Drivers/STM32U5xx_HAL_Driver/Src/stm32u5xx_hal_pcd.c:2071:19:HAL_PCD_EP_Transmit	32	static
../Drivers/STM32U5xx_HAL_Driver/Src/stm32u5xx_hal_pcd.c:2108:19:HAL_PCD_EP_SetStall	24	static
../Drivers/STM32U5xx_HAL_Driver/Src/stm32u5xx_hal_pcd.c:2153:19:HAL_PCD_EP_ClrStall	24	static
../Drivers/STM32U5xx_HAL_Driver/Src/stm32u5xx_hal_pcd.c:2189:19:HAL_PCD_EP_Abort	24	static
../Drivers/STM32U5xx_HAL_Driver/Src/stm32u5xx_hal_pcd.c:2215:19:HAL_PCD_EP_Flush	16	static
../Drivers/STM32U5xx_HAL_Driver/Src/stm32u5xx_hal_pcd.c:2244:19:HAL_PCD_ActivateRemoteWakeup	16	static
../Drivers/STM32U5xx_HAL_Driver/Src/stm32u5xx_hal_pcd.c:2254:19:HAL_PCD_DeActivateRemoteWakeup	16	static
../Drivers/STM32U5xx_HAL_Driver/Src/stm32u5xx_hal_pcd.c:2283:18:HAL_PCD_GetState	16	static
../Drivers/STM32U5xx_HAL_Driver/Src/stm32u5xx_hal_pcd.c:2295:19:HAL_PCD_SetTestMode	24	static
../Drivers/STM32U5xx_HAL_Driver/Src/stm32u5xx_hal_pcd.c:2336:26:PCD_WriteEmptyTxFifo	48	static
../Drivers/STM32U5xx_HAL_Driver/Src/stm32u5xx_hal_pcd.c:2396:26:PCD_EP_OutXfrComplete_int	40	static
../Drivers/STM32U5xx_HAL_Driver/Src/stm32u5xx_hal_pcd.c:2508:26:PCD_EP_OutSetupPacket_int	32	static
