Archive member included to satisfy reference by file (symbol)

c:/st/stm32cubeide_1.10.1/stm32cubeide/plugins/com.st.stm32cube.ide.mcu.externaltools.gnu-tools-for-stm32.10.3-2021.10.win32_1.0.200.202301161003/tools/bin/../lib/gcc/arm-none-eabi/10.3.1/../../../../arm-none-eabi/lib/thumb/v7e-m+dp/hard\libc_nano.a(lib_a-errno.o)
                              ./Core/Src/syscalls.o (__errno)
c:/st/stm32cubeide_1.10.1/stm32cubeide/plugins/com.st.stm32cube.ide.mcu.externaltools.gnu-tools-for-stm32.10.3-2021.10.win32_1.0.200.202301161003/tools/bin/../lib/gcc/arm-none-eabi/10.3.1/../../../../arm-none-eabi/lib/thumb/v7e-m+dp/hard\libc_nano.a(lib_a-exit.o)
                              c:/st/stm32cubeide_1.10.1/stm32cubeide/plugins/com.st.stm32cube.ide.mcu.externaltools.gnu-tools-for-stm32.10.3-2021.10.win32_1.0.200.202301161003/tools/bin/../lib/gcc/arm-none-eabi/10.3.1/../../../../arm-none-eabi/lib/thumb/v7e-m+dp/hard/crt0.o (exit)
c:/st/stm32cubeide_1.10.1/stm32cubeide/plugins/com.st.stm32cube.ide.mcu.externaltools.gnu-tools-for-stm32.10.3-2021.10.win32_1.0.200.202301161003/tools/bin/../lib/gcc/arm-none-eabi/10.3.1/../../../../arm-none-eabi/lib/thumb/v7e-m+dp/hard\libc_nano.a(lib_a-findfp.o)
                              ./Middlewares/Third_Party/FreeRTOS/Source/tasks.o (__sf_fake_stderr)
c:/st/stm32cubeide_1.10.1/stm32cubeide/plugins/com.st.stm32cube.ide.mcu.externaltools.gnu-tools-for-stm32.10.3-2021.10.win32_1.0.200.202301161003/tools/bin/../lib/gcc/arm-none-eabi/10.3.1/../../../../arm-none-eabi/lib/thumb/v7e-m+dp/hard\libc_nano.a(lib_a-fwalk.o)
                              c:/st/stm32cubeide_1.10.1/stm32cubeide/plugins/com.st.stm32cube.ide.mcu.externaltools.gnu-tools-for-stm32.10.3-2021.10.win32_1.0.200.202301161003/tools/bin/../lib/gcc/arm-none-eabi/10.3.1/../../../../arm-none-eabi/lib/thumb/v7e-m+dp/hard\libc_nano.a(lib_a-findfp.o) (_fwalk)
c:/st/stm32cubeide_1.10.1/stm32cubeide/plugins/com.st.stm32cube.ide.mcu.externaltools.gnu-tools-for-stm32.10.3-2021.10.win32_1.0.200.202301161003/tools/bin/../lib/gcc/arm-none-eabi/10.3.1/../../../../arm-none-eabi/lib/thumb/v7e-m+dp/hard\libc_nano.a(lib_a-impure.o)
                              c:/st/stm32cubeide_1.10.1/stm32cubeide/plugins/com.st.stm32cube.ide.mcu.externaltools.gnu-tools-for-stm32.10.3-2021.10.win32_1.0.200.202301161003/tools/bin/../lib/gcc/arm-none-eabi/10.3.1/../../../../arm-none-eabi/lib/thumb/v7e-m+dp/hard\libc_nano.a(lib_a-exit.o) (_global_impure_ptr)
c:/st/stm32cubeide_1.10.1/stm32cubeide/plugins/com.st.stm32cube.ide.mcu.externaltools.gnu-tools-for-stm32.10.3-2021.10.win32_1.0.200.202301161003/tools/bin/../lib/gcc/arm-none-eabi/10.3.1/../../../../arm-none-eabi/lib/thumb/v7e-m+dp/hard\libc_nano.a(lib_a-init.o)
                              c:/st/stm32cubeide_1.10.1/stm32cubeide/plugins/com.st.stm32cube.ide.mcu.externaltools.gnu-tools-for-stm32.10.3-2021.10.win32_1.0.200.202301161003/tools/bin/../lib/gcc/arm-none-eabi/10.3.1/../../../../arm-none-eabi/lib/thumb/v7e-m+dp/hard/crt0.o (__libc_init_array)
c:/st/stm32cubeide_1.10.1/stm32cubeide/plugins/com.st.stm32cube.ide.mcu.externaltools.gnu-tools-for-stm32.10.3-2021.10.win32_1.0.200.202301161003/tools/bin/../lib/gcc/arm-none-eabi/10.3.1/../../../../arm-none-eabi/lib/thumb/v7e-m+dp/hard\libc_nano.a(lib_a-lock.o)
                              c:/st/stm32cubeide_1.10.1/stm32cubeide/plugins/com.st.stm32cube.ide.mcu.externaltools.gnu-tools-for-stm32.10.3-2021.10.win32_1.0.200.202301161003/tools/bin/../lib/gcc/arm-none-eabi/10.3.1/../../../../arm-none-eabi/lib/thumb/v7e-m+dp/hard\libc_nano.a(lib_a-findfp.o) (__retarget_lock_init_recursive)
c:/st/stm32cubeide_1.10.1/stm32cubeide/plugins/com.st.stm32cube.ide.mcu.externaltools.gnu-tools-for-stm32.10.3-2021.10.win32_1.0.200.202301161003/tools/bin/../lib/gcc/arm-none-eabi/10.3.1/../../../../arm-none-eabi/lib/thumb/v7e-m+dp/hard\libc_nano.a(lib_a-memcpy-stub.o)
                              ./Drivers/STM32H7xx_HAL_Driver/Src/stm32h7xx_hal_fdcan.o (memcpy)
c:/st/stm32cubeide_1.10.1/stm32cubeide/plugins/com.st.stm32cube.ide.mcu.externaltools.gnu-tools-for-stm32.10.3-2021.10.win32_1.0.200.202301161003/tools/bin/../lib/gcc/arm-none-eabi/10.3.1/../../../../arm-none-eabi/lib/thumb/v7e-m+dp/hard\libc_nano.a(lib_a-memset.o)
                              c:/st/stm32cubeide_1.10.1/stm32cubeide/plugins/com.st.stm32cube.ide.mcu.externaltools.gnu-tools-for-stm32.10.3-2021.10.win32_1.0.200.202301161003/tools/bin/../lib/gcc/arm-none-eabi/10.3.1/../../../../arm-none-eabi/lib/thumb/v7e-m+dp/hard/crt0.o (memset)
c:/st/stm32cubeide_1.10.1/stm32cubeide/plugins/com.st.stm32cube.ide.mcu.externaltools.gnu-tools-for-stm32.10.3-2021.10.win32_1.0.200.202301161003/tools/bin/../lib/gcc/arm-none-eabi/10.3.1/../../../../arm-none-eabi/lib/thumb/v7e-m+dp/hard\libc_nano.a(lib_a-nano-mallocr.o)
[...]
Memory Configuration

Name             Origin             Length             Attributes
ITCMRAM          0x0000000000000000 0x0000000000010000 xrw
DTCMRAM          0x0000000020000000 0x0000000000020000 xrw
FLASH            0x0000000008000000 0x0000000000100000 xr
RAM_D1           0x0000000024000000 0x0000000000050000 xrw
RAM_D2           0x0000000030000000 0x0000000000008000 xrw
RAM_D3           0x0000000038000000 0x0000000000004000 xrw
*default*        0x0000000000000000 0xffffffffffffffff

Linker script and memory map

LOAD c:/st/stm32cubeide_1.10.1/stm32cubeide/plugins/com.st.stm32cube.ide.mcu.externaltools.gnu-tools-for-stm32.10.3-2021.10.win32_1.0.200.202301161003/tools/bin/../lib/gcc/arm-none-eabi/10.3.1/thumb/v7e-m+dp/hard/crti.o
LOAD c:/st/stm32cubeide_1.10.1/stm32cubeide/plugins/com.st.stm32cube.ide.mcu.externaltools.gnu-tools-for-stm32.10.3-2021.10.win32_1.0.200.202301161003/tools/bin/../lib/gcc/arm-none-eabi/10.3.1/thumb/v7e-m+dp/hard/crtbegin.o
LOAD c:/st/stm32cubeide_1.10.1/stm32cubeide/plugins/com.st.stm32cube.ide.mcu.externaltools.gnu-tools-for-stm32.10.3-2021.10.win32_1.0.200.202301161003/tools/bin/../lib/gcc/arm-none-eabi/10.3.1/../../../../arm-none-eabi/lib/thumb/v7e-m+dp/hard/crt0.o
LOAD ./Core/Src/freertos.o
LOAD ./Core/Src/main.o
LOAD ./Core/Src/stm32h7xx_hal_msp.o
LOAD ./Core/Src/stm32h7xx_hal_timebase_tim.o
LOAD ./Core/Src/stm32h7xx_it.o
LOAD ./Core/Src/syscalls.o
LOAD ./Core/Src/sysmem.o
LOAD ./Core/Src/system_stm32h7xx.o
LOAD ./Core/Startup/startup_stm32h723zgtx.o
LOAD ./Drivers/STM32H7xx_HAL_Driver/Src/stm32h7xx_hal.o
LOAD ./Drivers/STM32H7xx_HAL_Driver/Src/stm32h7xx_hal_cortex.o
LOAD ./Drivers/STM32H7xx_HAL_Driver/Src/stm32h7xx_hal_dma.o
LOAD ./Drivers/STM32H7xx_HAL_Driver/Src/stm32h7xx_hal_dma_ex.o
LOAD ./Drivers/STM32H7xx_HAL_Driver/Src/stm32h7xx_hal_dts.o
LOAD ./Drivers/STM32H7xx_HAL_Driver/Src/stm32h7xx_hal_exti.o
LOAD ./Drivers/STM32H7xx_HAL_Driver/Src/stm32h7xx_hal_fdcan.o
LOAD ./Drivers/STM32H7xx_HAL_Driver/Src/stm32h7xx_hal_flash.o
LOAD ./Drivers/STM32H7xx_HAL_Driver/Src/stm32h7xx_hal_flash_ex.o
LOAD ./Drivers/STM32H7xx_HAL_Driver/Src/stm32h7xx_hal_gpio.o
LOAD ./Drivers/STM32H7xx_HAL_Driver/Src/stm32h7xx_hal_hsem.o
LOAD ./Drivers/STM32H7xx_HAL_Driver/Src/stm32h7xx_hal_i2c.o
LOAD ./Drivers/STM32H7xx_HAL_Driver/Src/stm32h7xx_hal_i2c_ex.o
LOAD ./Drivers/STM32H7xx_HAL_Driver/Src/stm32h7xx_hal_mdma.o
LOAD ./Drivers/STM32H7xx_HAL_Driver/Src/stm32h7xx_hal_pcd.o
LOAD ./Drivers/STM32H7xx_HAL_Driver/Src/stm32h7xx_hal_pcd_ex.o
LOAD ./Drivers/STM32H7xx_HAL_Driver/Src/stm32h7xx_hal_pwr.o
LOAD ./Drivers/STM32H7xx_HAL_Driver/Src/stm32h7xx_hal_pwr_ex.o
LOAD ./Drivers/STM32H7xx_HAL_Driver/Src/stm32h7xx_hal_rcc.o
LOAD ./Drivers/STM32H7xx_HAL_Driver/Src/stm32h7xx_hal_rcc_ex.o
LOAD ./Drivers/STM32H7xx_HAL_Driver/Src/stm32h7xx_hal_spi.o
LOAD ./Drivers/STM32H7xx_HAL_Driver/Src/stm32h7xx_hal_spi_ex.o
LOAD ./Drivers/STM32H7xx_HAL_Driver/Src/stm32h7xx_hal_tim.o
LOAD ./Drivers/STM32H7xx_HAL_Driver/Src/stm32h7xx_hal_tim_ex.o
LOAD ./Drivers/STM32H7xx_HAL_Driver/Src/stm32h7xx_ll_usb.o
LOAD ./Middlewares/ST/STM32_USB_Device_Library/Class/CDC/Src/usbd_cdc.o
LOAD ./Middlewares/ST/STM32_USB_Device_Library/Core/Src/usbd_core.o
LOAD ./Middlewares/ST/STM32_USB_Device_Library/Core/Src/usbd_ctlreq.o
LOAD ./Middlewares/ST/STM32_USB_Device_Library/Core/Src/usbd_ioreq.o
LOAD ./Middlewares/Third_Party/FreeRTOS/Source/CMSIS_RTOS_V2/cmsis_os2.o
LOAD ./Middlewares/Third_Party/FreeRTOS/Source/croutine.o
LOAD ./Middlewares/Third_Party/FreeRTOS/Source/event_groups.o
LOAD ./Middlewares/Third_Party/FreeRTOS/Source/list.o
LOAD ./Middlewares/Third_Party/FreeRTOS/Source/queue.o
LOAD ./Middlewares/Third_Party/FreeRTOS/Source/stream_buffer.o
LOAD ./Middlewares/Third_Party/FreeRTOS/Source/tasks.o
LOAD ./Middlewares/Third_Party/FreeRTOS/Source/timers.o
LOAD ./Middlewares/Third_Party/FreeRTOS/Source/portable/GCC/ARM_CM4F/port.o
LOAD ./Middlewares/Third_Party/FreeRTOS/Source/portable/MemMang/heap_4.o
LOAD ./USB_DEVICE/App/usb_device.o
LOAD ./USB_DEVICE/App/usbd_cdc_if.o
LOAD ./USB_DEVICE/App/usbd_desc.o
LOAD ./USB_DEVICE/Target/usbd_conf.o
START GROUP
LOAD c:/st/stm32cubeide_1.10.1/stm32cubeide/plugins/com.st.stm32cube.ide.mcu.externaltools.gnu-tools-for-stm32.10.3-2021.10.win32_1.0.200.202301161003/tools/bin/../lib/gcc/arm-none-eabi/10.3.1/../../../../arm-none-eabi/lib/thumb/v7e-m+dp/hard\libc_nano.a
LOAD c:/st/stm32cubeide_1.10.1/stm32cubeide/plugins/com.st.stm32cube.ide.mcu.externaltools.gnu-tools-for-stm32.10.3-2021.10.win32_1.0.200.202301161003/tools/bin/../lib/gcc/arm-none-eabi/10.3.1/../../../../arm-none-eabi/lib/thumb/v7e-m+dp/hard\libm.a
END GROUP
START GROUP
LOAD c:/st/stm32cubeide_1.10.1/stm32cubeide/plugins/com.st.stm32cube.ide.mcu.externaltools.gnu-tools-for-stm32.10.3-2021.10.win32_1.0.200.202301161003/tools/bin/../lib/gcc/arm-none-eabi/10.3.1/thumb/v7e-m+dp/hard\libgcc.a
LOAD c:/st/stm32cubeide_1.10.1/stm32cubeide/plugins/com.st.stm32cube.ide.mcu.externaltools.gnu-tools-for-stm32.10.3-2021.10.win32_1.0.200.202301161003/tools/bin/../lib/gcc/arm-none-eabi/10.3.1/../../../../arm-none-eabi/lib/thumb/v7e-m+dp/hard\libc_nano.a
END GROUP
START GROUP
LOAD c:/st/stm32cubeide_1.10.1/stm32cubeide/plugins/com.st.stm32cube.ide.mcu.externaltools.gnu-tools-for-stm32.10.3-2021.10.win32_1.0.200.202301161003/tools/bin/../lib/gcc/arm-none-eabi/10.3.1/thumb/v7e-m+dp/hard\libgcc.a
LOAD c:/st/stm32cubeide_1.10.1/stm32cubeide/plugins/com.st.stm32cube.ide.mcu.externaltools.gnu-tools-for-stm32.10.3-2021.10.win32_1.0.200.202301161003/tools/bin/../lib/gcc/arm-none-eabi/10.3.1/../../../../arm-none-eabi/lib/thumb/v7e-m+dp/hard\libc_nano.a
LOAD c:/st/stm32cubeide_1.10.1/stm32cubeide/plugins/com.st.stm32cube.ide.mcu.externaltools.gnu-tools-for-stm32.10.3-2021.10.win32_1.0.200.202301161003/tools/bin/../lib/gcc/arm-none-eabi/10.3.1/../../../../arm-none-eabi/lib/thumb/v7e-m+dp/hard\libnosys.a
END GROUP
START GROUP
LOAD c:/st/stm32cubeide_1.10.1/stm32cubeide/plugins/com.st.stm32cube.ide.mcu.externaltools.gnu-tools-for-stm32.10.3-2021.10.win32_1.0.200.202301161003/tools/bin/../lib/gcc/arm-none-eabi/10.3.1/thumb/v7e-m+dp/hard\libgcc.a
LOAD c:/st/stm32cubeide_1.10.1/stm32cubeide/plugins/com.st.stm32cube.ide.mcu.externaltools.gnu-tools-for-stm32.10.3-2021.10.win32_1.0.200.202301161003/tools/bin/../lib/gcc/arm-none-eabi/10.3.1/../../../../arm-none-eabi/lib/thumb/v7e-m+dp/hard\libc_nano.a
LOAD c:/st/stm32cubeide_1.10.1/stm32cubeide/plugins/com.st.stm32cube.ide.mcu.externaltools.gnu-tools-for-stm32.10.3-2021.10.win32_1.0.200.202301161003/tools/bin/../lib/gcc/arm-none-eabi/10.3.1/../../../../arm-none-eabi/lib/thumb/v7e-m+dp/hard\libnosys.a
END GROUP
LOAD c:/st/stm32cubeide_1.10.1/stm32cubeide/plugins/com.st.stm32cube.ide.mcu.externaltools.gnu-tools-for-stm32.10.3-2021.10.win32_1.0.200.202301161003/tools/bin/../lib/gcc/arm-none-eabi/10.3.1/thumb/v7e-m+dp/hard/crtend.o
LOAD c:/st/stm32cubeide_1.10.1/stm32cubeide/plugins/com.st.stm32cube.ide.mcu.externaltools.gnu-tools-for-stm32.10.3-2021.10.win32_1.0.200.202301161003/tools/bin/../lib/gcc/arm-none-eabi/10.3.1/thumb/v7e-m+dp/hard/crtn.o
                0x0000000024050000                _estack = (ORIGIN (RAM_D1) + LENGTH (RAM_D1))
                0x0000000000000200                _Min_Heap_Size = 0x200
                0x0000000000000400                _Min_Stack_Size = 0x400

.isr_vector     0x0000000008000000      0x2cc
                0x0000000008000000                . = ALIGN (0x4)
 *(.isr_vector)
 .isr_vector    0x0000000008000000      0x2cc ./Core/Startup/startup_stm32h723zgtx.o
                0x0000000008000000                g_pfnVectors
                0x00000000080002cc                . = ALIGN (0x4)

.text           0x00000000080002d0     0xd00c
                0x00000000080002d0                . = ALIGN (0x4)
 *(.text)
 .text          0x00000000080002d0       0x40 c:/st/stm32cubeide_1.10.1/stm32cubeide/plugins/com.st.stm32cube.ide.mcu.externaltools.gnu-tools-for-stm32.10.3-2021.10.win32_1.0.200.202301161003/tools/bin/../lib/gcc/arm-none-eabi/10.3.1/thumb/v7e-m+dp/hard/crtbegin.o
 *(.text*)
 .text.main     0x0000000008000310      0x120 ./Core/Src/main.o
                0x0000000008000310                main
 .text.SystemClock_Config
                0x0000000008000430       0xdc ./Core/Src/main.o
                0x0000000008000430                SystemClock_Config
 .text.MX_DTS_Init
                0x000000000800050c       0x54 ./Core/Src/main.o
 .text.MX_FDCAN1_Init
                0x0000000008000560       0xc8 ./Core/Src/main.o
 .text.MX_I2C1_Init
                0x0000000008000628       0x80 ./Core/Src/main.o
 .text.MX_I2C3_Init
                0x00000000080006a8       0x80 ./Core/Src/main.o
 .text.MX_I2C4_Init
                0x0000000008000728       0x80 ./Core/Src/main.o
 .text.MX_SPI4_Init
                0x00000000080007a8       0xac ./Core/Src/main.o
 .text.MX_SPI5_Init
                0x0000000008000854       0xac ./Core/Src/main.o
 .text.MX_GPIO_Init
                0x0000000008000900       0xe8 ./Core/Src/main.o
 .text.StartDefaultTask
                0x00000000080009e8       0x14 ./Core/Src/main.o
                0x00000000080009e8                StartDefaultTask
 .text.HAL_TIM_PeriodElapsedCallback
                0x00000000080009fc       0x24 ./Core/Src/main.o
                0x00000000080009fc                HAL_TIM_PeriodElapsedCallback
 .text.Error_Handler
                0x0000000008000a20        0xa ./Core/Src/main.o
                0x0000000008000a20                Error_Handler
 *fill*         0x0000000008000a2a        0x2 
 .text.HAL_MspInit
                0x0000000008000a2c       0x3c ./Core/Src/stm32h7xx_hal_msp.o
                0x0000000008000a2c                HAL_MspInit
 .text.HAL_DTS_MspInit
                0x0000000008000a68       0x44 ./Core/Src/stm32h7xx_hal_msp.o
                0x0000000008000a68                HAL_DTS_MspInit
 .text.HAL_FDCAN_MspInit
                0x0000000008000aac       0xd0 ./Core/Src/stm32h7xx_hal_msp.o
                0x0000000008000aac                HAL_FDCAN_MspInit
 .text.HAL_I2C_MspInit
                0x0000000008000b7c      0x264 ./Core/Src/stm32h7xx_hal_msp.o
                0x0000000008000b7c                HAL_I2C_MspInit
 .text.HAL_SPI_MspInit
                0x0000000008000de0      0x170 ./Core/Src/stm32h7xx_hal_msp.o
                0x0000000008000de0                HAL_SPI_MspInit
 .text.HAL_InitTick
                0x0000000008000f50       0xd8 ./Core/Src/stm32h7xx_hal_timebase_tim.o
                0x0000000008000f50                HAL_InitTick
 .text.NMI_Handler
                0x0000000008001028        0x6 ./Core/Src/stm32h7xx_it.o
                0x0000000008001028                NMI_Handler
 .text.HardFault_Handler
                0x000000000800102e        0x6 ./Core/Src/stm32h7xx_it.o
                0x000000000800102e                HardFault_Handler
 .text.MemManage_Handler
                0x0000000008001034        0x6 ./Core/Src/stm32h7xx_it.o
                0x0000000008001034                MemManage_Handler
 .text.BusFault_Handler
                0x000000000800103a        0x6 ./Core/Src/stm32h7xx_it.o
                0x000000000800103a                BusFault_Handler
 .text.UsageFault_Handler
                0x0000000008001040        0x6 ./Core/Src/stm32h7xx_it.o
                0x0000000008001040                UsageFault_Handler
 .text.DebugMon_Handler
                0x0000000008001046        0xe ./Core/Src/stm32h7xx_it.o
                0x0000000008001046                DebugMon_Handler
 .text.TIM6_DAC_IRQHandler
                0x0000000008001054       0x14 ./Core/Src/stm32h7xx_it.o
                0x0000000008001054                TIM6_DAC_IRQHandler
 .text.OTG_HS_IRQHandler
                0x0000000008001068       0x14 ./Core/Src/stm32h7xx_it.o
                0x0000000008001068                OTG_HS_IRQHandler
 .text.SystemInit
                0x000000000800107c       0xf0 ./Core/Src/system_stm32h7xx.o
                0x000000000800107c                SystemInit
 .text.Reset_Handler
                0x000000000800116c       0x50 ./Core/Startup/startup_stm32h723zgtx.o
                0x000000000800116c                Reset_Handler
 .text.Default_Handler
                0x00000000080011bc        0x2 ./Core/Startup/startup_stm32h723zgtx.o
                0x00000000080011bc                RTC_Alarm_IRQHandler
                0x00000000080011bc                EXTI2_IRQHandler
                0x00000000080011bc                TIM8_CC_IRQHandler
                0x00000000080011bc                UART8_IRQHandler
                0x00000000080011bc                SPI4_IRQHandler
                0x00000000080011bc                FDCAN3_IT0_IRQHandler
                0x00000000080011bc                TIM1_CC_IRQHandler
                0x00000000080011bc                BDMA_Channel6_IRQHandler
                0x00000000080011bc                DMA2_Stream5_IRQHandler
                0x00000000080011bc                DMA1_Stream5_IRQHandler
                0x00000000080011bc                CORDIC_IRQHandler
                0x00000000080011bc                BDMA_Channel1_IRQHandler
                0x00000000080011bc                TAMP_STAMP_IRQHandler
                0x00000000080011bc                EXTI3_IRQHandler
                0x00000000080011bc                LPTIM4_IRQHandler
                0x00000000080011bc                TIM8_TRG_COM_TIM14_IRQHandler
                0x00000000080011bc                LPTIM2_IRQHandler
                0x00000000080011bc                DFSDM1_FLT1_IRQHandler
                0x00000000080011bc                DMAMUX2_OVR_IRQHandler
                0x00000000080011bc                TIM8_UP_TIM13_IRQHandler
                0x00000000080011bc                I2C3_ER_IRQHandler
                0x00000000080011bc                DFSDM1_FLT2_IRQHandler
                0x00000000080011bc                I2C5_EV_IRQHandler
                0x00000000080011bc                USART10_IRQHandler
                0x00000000080011bc                MDMA_IRQHandler
                0x00000000080011bc                LPTIM3_IRQHandler
                0x00000000080011bc                HSEM1_IRQHandler
                0x00000000080011bc                EXTI0_IRQHandler
                0x00000000080011bc                I2C2_EV_IRQHandler
                0x00000000080011bc                DMA1_Stream2_IRQHandler
                0x00000000080011bc                FPU_IRQHandler
                0x00000000080011bc                OTG_HS_WKUP_IRQHandler
                0x00000000080011bc                FDCAN1_IT1_IRQHandler
                0x00000000080011bc                LTDC_ER_IRQHandler
                0x00000000080011bc                DMA2_Stream2_IRQHandler
                0x00000000080011bc                SPI1_IRQHandler
                0x00000000080011bc                OCTOSPI1_IRQHandler
                0x00000000080011bc                DMA2_Stream3_IRQHandler
                0x00000000080011bc                OCTOSPI2_IRQHandler
                0x00000000080011bc                DFSDM1_FLT3_IRQHandler
                0x00000000080011bc                TIM23_IRQHandler
                0x00000000080011bc                USART6_IRQHandler
                0x00000000080011bc                TIM17_IRQHandler
                0x00000000080011bc                USART3_IRQHandler
                0x00000000080011bc                BDMA_Channel7_IRQHandler
                0x00000000080011bc                LPTIM5_IRQHandler
                0x00000000080011bc                UART5_IRQHandler
                0x00000000080011bc                ADC3_IRQHandler
                0x00000000080011bc                DMA2_Stream0_IRQHandler
                0x00000000080011bc                TIM4_IRQHandler
                0x00000000080011bc                BDMA_Channel2_IRQHandler
                0x00000000080011bc                I2C1_EV_IRQHandler
                0x00000000080011bc                DMA1_Stream6_IRQHandler
                0x00000000080011bc                DMAMUX1_OVR_IRQHandler
                0x00000000080011bc                DMA1_Stream1_IRQHandler
                0x00000000080011bc                TIM16_IRQHandler
                0x00000000080011bc                UART4_IRQHandler
                0x00000000080011bc                BDMA_Channel5_IRQHandler
                0x00000000080011bc                TIM3_IRQHandler
                0x00000000080011bc                RCC_IRQHandler
                0x00000000080011bc                UART9_IRQHandler
                0x00000000080011bc                TIM8_BRK_TIM12_IRQHandler
                0x00000000080011bc                TIM1_TRG_COM_IRQHandler
                0x00000000080011bc                Default_Handler
                0x00000000080011bc                ECC_IRQHandler
                0x00000000080011bc                FMAC_IRQHandler
                0x00000000080011bc                CEC_IRQHandler
                0x00000000080011bc                EXTI15_10_IRQHandler
                0x00000000080011bc                BDMA_Channel0_IRQHandler
                0x00000000080011bc                ADC_IRQHandler
                0x00000000080011bc                I2C5_ER_IRQHandler
                0x00000000080011bc                DMA1_Stream7_IRQHandler
                0x00000000080011bc                SPI5_IRQHandler
                0x00000000080011bc                TIM7_IRQHandler
                0x00000000080011bc                FDCAN3_IT1_IRQHandler
                0x00000000080011bc                SDMMC1_IRQHandler
                0x00000000080011bc                TIM5_IRQHandler
                0x00000000080011bc                DMA2_Stream7_IRQHandler
                0x00000000080011bc                TIM15_IRQHandler
                0x00000000080011bc                PVD_AVD_IRQHandler
                0x00000000080011bc                I2C3_EV_IRQHandler
                0x00000000080011bc                EXTI9_5_IRQHandler
                0x00000000080011bc                RTC_WKUP_IRQHandler
                0x00000000080011bc                LTDC_IRQHandler
                0x00000000080011bc                ETH_WKUP_IRQHandler
                0x00000000080011bc                SPDIF_RX_IRQHandler
                0x00000000080011bc                SPI2_IRQHandler
                0x00000000080011bc                OTG_HS_EP1_IN_IRQHandler
                0x00000000080011bc                DMA1_Stream0_IRQHandler
                0x00000000080011bc                TIM24_IRQHandler
                0x00000000080011bc                CRS_IRQHandler
                0x00000000080011bc                EXTI4_IRQHandler
                0x00000000080011bc                RNG_IRQHandler
                0x00000000080011bc                FDCAN2_IT1_IRQHandler
                0x00000000080011bc                ETH_IRQHandler
                0x00000000080011bc                TIM1_UP_IRQHandler
                0x00000000080011bc                BDMA_Channel4_IRQHandler
                0x00000000080011bc                OTG_HS_EP1_OUT_IRQHandler
                0x00000000080011bc                WWDG_IRQHandler
                0x00000000080011bc                SPI6_IRQHandler
                0x00000000080011bc                MDIOS_IRQHandler
                0x00000000080011bc                I2C4_EV_IRQHandler
                0x00000000080011bc                FDCAN2_IT0_IRQHandler
                0x00000000080011bc                LPUART1_IRQHandler
                0x00000000080011bc                FDCAN1_IT0_IRQHandler
                0x00000000080011bc                TIM2_IRQHandler
                0x00000000080011bc                DMA2D_IRQHandler
                0x00000000080011bc                TIM1_BRK_IRQHandler
                0x00000000080011bc                EXTI1_IRQHandler
                0x00000000080011bc                SDMMC2_IRQHandler
                0x00000000080011bc                BDMA_Channel3_IRQHandler
                0x00000000080011bc                DTS_IRQHandler
                0x00000000080011bc                UART7_IRQHandler
                0x00000000080011bc                MDIOS_WKUP_IRQHandler
                0x00000000080011bc                USART2_IRQHandler
                0x00000000080011bc                DFSDM1_FLT0_IRQHandler
                0x00000000080011bc                SAI4_IRQHandler
                0x00000000080011bc                I2C2_ER_IRQHandler
                0x00000000080011bc                DMA2_Stream1_IRQHandler
                0x00000000080011bc                FLASH_IRQHandler
                0x00000000080011bc                DMA2_Stream4_IRQHandler
                0x00000000080011bc                USART1_IRQHandler
                0x00000000080011bc                SPI3_IRQHandler
                0x00000000080011bc                WAKEUP_PIN_IRQHandler
                0x00000000080011bc                DMA1_Stream4_IRQHandler
                0x00000000080011bc                I2C1_ER_IRQHandler
                0x00000000080011bc                FMC_IRQHandler
                0x00000000080011bc                FDCAN_CAL_IRQHandler
                0x00000000080011bc                SWPMI1_IRQHandler
                0x00000000080011bc                COMP1_IRQHandler
                0x00000000080011bc                LPTIM1_IRQHandler
                0x00000000080011bc                DCMI_PSSI_IRQHandler
                0x00000000080011bc                I2C4_ER_IRQHandler
                0x00000000080011bc                DMA2_Stream6_IRQHandler
                0x00000000080011bc                SAI1_IRQHandler
                0x00000000080011bc                DMA1_Stream3_IRQHandler
 *fill*         0x00000000080011be        0x2 
 .text.HAL_Init
                0x00000000080011c0       0x78 ./Drivers/STM32H7xx_HAL_Driver/Src/stm32h7xx_hal.o
                0x00000000080011c0                HAL_Init
 .text.HAL_IncTick
                0x0000000008001238       0x28 ./Drivers/STM32H7xx_HAL_Driver/Src/stm32h7xx_hal.o
                0x0000000008001238                HAL_IncTick
 .text.HAL_GetTick
                0x0000000008001260       0x18 ./Drivers/STM32H7xx_HAL_Driver/Src/stm32h7xx_hal.o
                0x0000000008001260                HAL_GetTick
 .text.HAL_Delay
                0x0000000008001278       0x48 ./Drivers/STM32H7xx_HAL_Driver/Src/stm32h7xx_hal.o
                0x0000000008001278                HAL_Delay
 .text.__NVIC_SetPriorityGrouping
                0x00000000080012c0       0x48 ./Drivers/STM32H7xx_HAL_Driver/Src/stm32h7xx_hal_cortex.o
 .text.__NVIC_GetPriorityGrouping
                0x0000000008001308       0x1c ./Drivers/STM32H7xx_HAL_Driver/Src/stm32h7xx_hal_cortex.o
 .text.__NVIC_EnableIRQ
                0x0000000008001324       0x3c ./Drivers/STM32H7xx_HAL_Driver/Src/stm32h7xx_hal_cortex.o
 .text.__NVIC_SetPriority
                0x0000000008001360       0x54 ./Drivers/STM32H7xx_HAL_Driver/Src/stm32h7xx_hal_cortex.o
 .text.NVIC_EncodePriority
                0x00000000080013b4       0x66 ./Drivers/STM32H7xx_HAL_Driver/Src/stm32h7xx_hal_cortex.o
 .text.HAL_NVIC_SetPriorityGrouping
                0x000000000800141a       0x16 ./Drivers/STM32H7xx_HAL_Driver/Src/stm32h7xx_hal_cortex.o
                0x000000000800141a                HAL_NVIC_SetPriorityGrouping
 .text.HAL_NVIC_SetPriority
                0x0000000008001430       0x34 ./Drivers/STM32H7xx_HAL_Driver/Src/stm32h7xx_hal_cortex.o
                0x0000000008001430                HAL_NVIC_SetPriority
 .text.HAL_NVIC_EnableIRQ
                0x0000000008001464       0x1c ./Drivers/STM32H7xx_HAL_Driver/Src/stm32h7xx_hal_cortex.o
                0x0000000008001464                HAL_NVIC_EnableIRQ
 .text.HAL_DTS_Init
                0x0000000008001480      0x134 ./Drivers/STM32H7xx_HAL_Driver/Src/stm32h7xx_hal_dts.o
                0x0000000008001480                HAL_DTS_Init
 .text.HAL_FDCAN_Init
                0x00000000080015b4      0x3bc ./Drivers/STM32H7xx_HAL_Driver/Src/stm32h7xx_hal_fdcan.o
                0x00000000080015b4                HAL_FDCAN_Init
 .text.FDCAN_CalcultateRamBlockAddresses
                0x0000000008001970      0x30c ./Drivers/STM32H7xx_HAL_Driver/Src/stm32h7xx_hal_fdcan.o
 .text.HAL_GPIO_Init
                0x0000000008001c7c      0x350 ./Drivers/STM32H7xx_HAL_Driver/Src/stm32h7xx_hal_gpio.o
                0x0000000008001c7c                HAL_GPIO_Init
 .text.HAL_I2C_Init
                0x0000000008001fcc      0x120 ./Drivers/STM32H7xx_HAL_Driver/Src/stm32h7xx_hal_i2c.o
                0x0000000008001fcc                HAL_I2C_Init
 .text.HAL_I2CEx_ConfigAnalogFilter
                0x00000000080020ec       0x96 ./Drivers/STM32H7xx_HAL_Driver/Src/stm32h7xx_hal_i2c_ex.o
                0x00000000080020ec                HAL_I2CEx_ConfigAnalogFilter
 .text.HAL_I2CEx_ConfigDigitalFilter
                0x0000000008002182       0x98 ./Drivers/STM32H7xx_HAL_Driver/Src/stm32h7xx_hal_i2c_ex.o
                0x0000000008002182                HAL_I2CEx_ConfigDigitalFilter
 .text.HAL_PCD_Init
                0x000000000800221a      0x248 ./Drivers/STM32H7xx_HAL_Driver/Src/stm32h7xx_hal_pcd.o
                0x000000000800221a                HAL_PCD_Init
 .text.HAL_PCD_Start
                0x0000000008002462       0x6a ./Drivers/STM32H7xx_HAL_Driver/Src/stm32h7xx_hal_pcd.o
                0x0000000008002462                HAL_PCD_Start
 .text.HAL_PCD_IRQHandler
                0x00000000080024cc      0x998 ./Drivers/STM32H7xx_HAL_Driver/Src/stm32h7xx_hal_pcd.o
                0x00000000080024cc                HAL_PCD_IRQHandler
 .text.HAL_PCD_SetAddress
                0x0000000008002e64       0x4a ./Drivers/STM32H7xx_HAL_Driver/Src/stm32h7xx_hal_pcd.o
                0x0000000008002e64                HAL_PCD_SetAddress
 .text.HAL_PCD_EP_Open
                0x0000000008002eae       0xd0 ./Drivers/STM32H7xx_HAL_Driver/Src/stm32h7xx_hal_pcd.o
                0x0000000008002eae                HAL_PCD_EP_Open
 .text.HAL_PCD_EP_Close
                0x0000000008002f7e       0x94 ./Drivers/STM32H7xx_HAL_Driver/Src/stm32h7xx_hal_pcd.o
                0x0000000008002f7e                HAL_PCD_EP_Close
 .text.HAL_PCD_EP_Receive
                0x0000000008003012       0x78 ./Drivers/STM32H7xx_HAL_Driver/Src/stm32h7xx_hal_pcd.o
                0x0000000008003012                HAL_PCD_EP_Receive
 .text.HAL_PCD_EP_GetRxCount
                0x000000000800308a       0x30 ./Drivers/STM32H7xx_HAL_Driver/Src/stm32h7xx_hal_pcd.o
                0x000000000800308a                HAL_PCD_EP_GetRxCount
 .text.HAL_PCD_EP_Transmit
                0x00000000080030ba       0x76 ./Drivers/STM32H7xx_HAL_Driver/Src/stm32h7xx_hal_pcd.o
                0x00000000080030ba                HAL_PCD_EP_Transmit
 .text.HAL_PCD_EP_SetStall
                0x0000000008003130       0xc8 ./Drivers/STM32H7xx_HAL_Driver/Src/stm32h7xx_hal_pcd.o
                0x0000000008003130                HAL_PCD_EP_SetStall
 .text.HAL_PCD_EP_ClrStall
                0x00000000080031f8       0xac ./Drivers/STM32H7xx_HAL_Driver/Src/stm32h7xx_hal_pcd.o
                0x00000000080031f8                HAL_PCD_EP_ClrStall
 .text.HAL_PCD_EP_Abort
                0x00000000080032a4       0x62 ./Drivers/STM32H7xx_HAL_Driver/Src/stm32h7xx_hal_pcd.o
                0x00000000080032a4                HAL_PCD_EP_Abort
 .text.PCD_WriteEmptyTxFifo
                0x0000000008003306      0x11a ./Drivers/STM32H7xx_HAL_Driver/Src/stm32h7xx_hal_pcd.o
 .text.PCD_EP_OutXfrComplete_int
                0x0000000008003420      0x1d0 ./Drivers/STM32H7xx_HAL_Driver/Src/stm32h7xx_hal_pcd.o
 .text.PCD_EP_OutSetupPacket_int
                0x00000000080035f0       0x8c ./Drivers/STM32H7xx_HAL_Driver/Src/stm32h7xx_hal_pcd.o
 .text.HAL_PCDEx_SetTxFiFo
                0x000000000800367c       0x8e ./Drivers/STM32H7xx_HAL_Driver/Src/stm32h7xx_hal_pcd_ex.o
                0x000000000800367c                HAL_PCDEx_SetTxFiFo
 .text.HAL_PCDEx_SetRxFiFo
                0x000000000800370a       0x22 ./Drivers/STM32H7xx_HAL_Driver/Src/stm32h7xx_hal_pcd_ex.o
                0x000000000800370a                HAL_PCDEx_SetRxFiFo
 .text.HAL_PCDEx_ActivateLPM
                0x000000000800372c       0x48 ./Drivers/STM32H7xx_HAL_Driver/Src/stm32h7xx_hal_pcd_ex.o
                0x000000000800372c                HAL_PCDEx_ActivateLPM
 .text.HAL_PCDEx_LPM_Callback
                0x0000000008003774       0x18 ./Drivers/STM32H7xx_HAL_Driver/Src/stm32h7xx_hal_pcd_ex.o
                0x0000000008003774                HAL_PCDEx_LPM_Callback
 .text.HAL_PWREx_ConfigSupply
                0x000000000800378c       0x74 ./Drivers/STM32H7xx_HAL_Driver/Src/stm32h7xx_hal_pwr_ex.o
                0x000000000800378c                HAL_PWREx_ConfigSupply
 .text.HAL_PWREx_EnableUSBVoltageDetector
                0x0000000008003800       0x20 ./Drivers/STM32H7xx_HAL_Driver/Src/stm32h7xx_hal_pwr_ex.o
                0x0000000008003800                HAL_PWREx_EnableUSBVoltageDetector
 .text.HAL_RCC_OscConfig
                0x0000000008003820      0x7b4 ./Drivers/STM32H7xx_HAL_Driver/Src/stm32h7xx_hal_rcc.o
                0x0000000008003820                HAL_RCC_OscConfig
 .text.HAL_RCC_ClockConfig
                0x0000000008003fd4      0x36c ./Drivers/STM32H7xx_HAL_Driver/Src/stm32h7xx_hal_rcc.o
                0x0000000008003fd4                HAL_RCC_ClockConfig
 .text.HAL_RCC_GetSysClockFreq
                0x0000000008004340      0x2f4 ./Drivers/STM32H7xx_HAL_Driver/Src/stm32h7xx_hal_rcc.o
                0x0000000008004340                HAL_RCC_GetSysClockFreq
 .text.HAL_RCC_GetHCLKFreq
                0x0000000008004634       0x60 ./Drivers/STM32H7xx_HAL_Driver/Src/stm32h7xx_hal_rcc.o
                0x0000000008004634                HAL_RCC_GetHCLKFreq
 .text.HAL_RCC_GetPCLK1Freq
                0x0000000008004694       0x2c ./Drivers/STM32H7xx_HAL_Driver/Src/stm32h7xx_hal_rcc.o
                0x0000000008004694                HAL_RCC_GetPCLK1Freq
 .text.HAL_RCC_GetClockConfig
                0x00000000080046c0       0x84 ./Drivers/STM32H7xx_HAL_Driver/Src/stm32h7xx_hal_rcc.o
                0x00000000080046c0                HAL_RCC_GetClockConfig
 .text.HAL_RCCEx_PeriphCLKConfig
                0x0000000008004744     0x1340 ./Drivers/STM32H7xx_HAL_Driver/Src/stm32h7xx_hal_rcc_ex.o
                0x0000000008004744                HAL_RCCEx_PeriphCLKConfig
 .text.RCCEx_PLL2_Config
                0x0000000008005a84      0x164 ./Drivers/STM32H7xx_HAL_Driver/Src/stm32h7xx_hal_rcc_ex.o
 .text.RCCEx_PLL3_Config
                0x0000000008005be8      0x164 ./Drivers/STM32H7xx_HAL_Driver/Src/stm32h7xx_hal_rcc_ex.o
 .text.HAL_SPI_Init
                0x0000000008005d4c      0x248 ./Drivers/STM32H7xx_HAL_Driver/Src/stm32h7xx_hal_spi.o
                0x0000000008005d4c                HAL_SPI_Init
 .text.SPI_GetPacketSize
                0x0000000008005f94       0x36 ./Drivers/STM32H7xx_HAL_Driver/Src/stm32h7xx_hal_spi.o
 .text.HAL_TIM_Base_Init
                0x0000000008005fca       0xae ./Drivers/STM32H7xx_HAL_Driver/Src/stm32h7xx_hal_tim.o
                0x0000000008005fca                HAL_TIM_Base_Init
 .text.HAL_TIM_Base_MspInit
                0x0000000008006078       0x14 ./Drivers/STM32H7xx_HAL_Driver/Src/stm32h7xx_hal_tim.o
                0x0000000008006078                HAL_TIM_Base_MspInit
 .text.HAL_TIM_Base_Start_IT
                0x000000000800608c      0x10c ./Drivers/STM32H7xx_HAL_Driver/Src/stm32h7xx_hal_tim.o
                0x000000000800608c                HAL_TIM_Base_Start_IT
 .text.HAL_TIM_IRQHandler
                0x0000000008006198      0x23e ./Drivers/STM32H7xx_HAL_Driver/Src/stm32h7xx_hal_tim.o
                0x0000000008006198                HAL_TIM_IRQHandler
 .text.HAL_TIM_OC_DelayElapsedCallback
                0x00000000080063d6       0x14 ./Drivers/STM32H7xx_HAL_Driver/Src/stm32h7xx_hal_tim.o
                0x00000000080063d6                HAL_TIM_OC_DelayElapsedCallback
 .text.HAL_TIM_IC_CaptureCallback
                0x00000000080063ea       0x14 ./Drivers/STM32H7xx_HAL_Driver/Src/stm32h7xx_hal_tim.o
                0x00000000080063ea                HAL_TIM_IC_CaptureCallback
 .text.HAL_TIM_PWM_PulseFinishedCallback
                0x00000000080063fe       0x14 ./Drivers/STM32H7xx_HAL_Driver/Src/stm32h7xx_hal_tim.o
                0x00000000080063fe                HAL_TIM_PWM_PulseFinishedCallback
 .text.HAL_TIM_TriggerCallback
                0x0000000008006412       0x14 ./Drivers/STM32H7xx_HAL_Driver/Src/stm32h7xx_hal_tim.o
                0x0000000008006412                HAL_TIM_TriggerCallback
 *fill*         0x0000000008006426        0x2 
 .text.TIM_Base_SetConfig
                0x0000000008006428      0x14c ./Drivers/STM32H7xx_HAL_Driver/Src/stm32h7xx_hal_tim.o
                0x0000000008006428                TIM_Base_SetConfig
 .text.HAL_TIMEx_CommutCallback
                0x0000000008006574       0x14 ./Drivers/STM32H7xx_HAL_Driver/Src/stm32h7xx_hal_tim_ex.o
                0x0000000008006574                HAL_TIMEx_CommutCallback
 .text.HAL_TIMEx_BreakCallback
                0x0000000008006588       0x14 ./Drivers/STM32H7xx_HAL_Driver/Src/stm32h7xx_hal_tim_ex.o
                0x0000000008006588                HAL_TIMEx_BreakCallback
 .text.HAL_TIMEx_Break2Callback
                0x000000000800659c       0x14 ./Drivers/STM32H7xx_HAL_Driver/Src/stm32h7xx_hal_tim_ex.o
                0x000000000800659c                HAL_TIMEx_Break2Callback
 .text.USB_CoreInit
                0x00000000080065b0       0xdc ./Drivers/STM32H7xx_HAL_Driver/Src/stm32h7xx_ll_usb.o
                0x00000000080065b0                USB_CoreInit
 .text.USB_SetTurnaroundTime
                0x000000000800668c      0x144 ./Drivers/STM32H7xx_HAL_Driver/Src/stm32h7xx_ll_usb.o
                0x000000000800668c                USB_SetTurnaroundTime
 .text.USB_EnableGlobalInt
                0x00000000080067d0       0x22 ./Drivers/STM32H7xx_HAL_Driver/Src/stm32h7xx_ll_usb.o
                0x00000000080067d0                USB_EnableGlobalInt
 .text.USB_DisableGlobalInt
                0x00000000080067f2       0x22 ./Drivers/STM32H7xx_HAL_Driver/Src/stm32h7xx_ll_usb.o
                0x00000000080067f2                USB_DisableGlobalInt
 .text.USB_SetCurrentMode
                0x0000000008006814       0x98 ./Drivers/STM32H7xx_HAL_Driver/Src/stm32h7xx_ll_usb.o
                0x0000000008006814                USB_SetCurrentMode
 .text.USB_DevInit
                0x00000000080068ac      0x2bc ./Drivers/STM32H7xx_HAL_Driver/Src/stm32h7xx_ll_usb.o
                0x00000000080068ac                USB_DevInit
 .text.USB_FlushTxFifo
                0x0000000008006b68       0x68 ./Drivers/STM32H7xx_HAL_Driver/Src/stm32h7xx_ll_usb.o
                0x0000000008006b68                USB_FlushTxFifo
 .text.USB_FlushRxFifo
                0x0000000008006bd0       0x60 ./Drivers/STM32H7xx_HAL_Driver/Src/stm32h7xx_ll_usb.o
                0x0000000008006bd0                USB_FlushRxFifo
 .text.USB_SetDevSpeed
                0x0000000008006c30       0x32 ./Drivers/STM32H7xx_HAL_Driver/Src/stm32h7xx_ll_usb.o
                0x0000000008006c30                USB_SetDevSpeed
 .text.USB_GetDevSpeed
                0x0000000008006c62       0x4a ./Drivers/STM32H7xx_HAL_Driver/Src/stm32h7xx_ll_usb.o
                0x0000000008006c62                USB_GetDevSpeed
 .text.USB_ActivateEndpoint
                0x0000000008006cac      0x110 ./Drivers/STM32H7xx_HAL_Driver/Src/stm32h7xx_ll_usb.o
                0x0000000008006cac                USB_ActivateEndpoint
 .text.USB_DeactivateEndpoint
                0x0000000008006dbc      0x1b8 ./Drivers/STM32H7xx_HAL_Driver/Src/stm32h7xx_ll_usb.o
                0x0000000008006dbc                USB_DeactivateEndpoint
 .text.USB_EPStartXfer
                0x0000000008006f74      0x540 ./Drivers/STM32H7xx_HAL_Driver/Src/stm32h7xx_ll_usb.o
                0x0000000008006f74                USB_EPStartXfer
 .text.USB_EPStopXfer
                0x00000000080074b4      0x154 ./Drivers/STM32H7xx_HAL_Driver/Src/stm32h7xx_ll_usb.o
                0x00000000080074b4                USB_EPStopXfer
 .text.USB_WritePacket
                0x0000000008007608       0x7c ./Drivers/STM32H7xx_HAL_Driver/Src/stm32h7xx_ll_usb.o
                0x0000000008007608                USB_WritePacket
 .text.USB_ReadPacket
                0x0000000008007684       0xb0 ./Drivers/STM32H7xx_HAL_Driver/Src/stm32h7xx_ll_usb.o
                0x0000000008007684                USB_ReadPacket
 .text.USB_EPSetStall
                0x0000000008007734       0xdc ./Drivers/STM32H7xx_HAL_Driver/Src/stm32h7xx_ll_usb.o
                0x0000000008007734                USB_EPSetStall
 .text.USB_EPClearStall
                0x0000000008007810       0xcc ./Drivers/STM32H7xx_HAL_Driver/Src/stm32h7xx_ll_usb.o
                0x0000000008007810                USB_EPClearStall
 .text.USB_SetDevAddress
                0x00000000080078dc       0x4c ./Drivers/STM32H7xx_HAL_Driver/Src/stm32h7xx_ll_usb.o
                0x00000000080078dc                USB_SetDevAddress
 .text.USB_DevConnect
                0x0000000008007928       0x42 ./Drivers/STM32H7xx_HAL_Driver/Src/stm32h7xx_ll_usb.o
                0x0000000008007928                USB_DevConnect
 .text.USB_DevDisconnect
                0x000000000800796a       0x42 ./Drivers/STM32H7xx_HAL_Driver/Src/stm32h7xx_ll_usb.o
                0x000000000800796a                USB_DevDisconnect
 .text.USB_ReadInterrupts
                0x00000000080079ac       0x26 ./Drivers/STM32H7xx_HAL_Driver/Src/stm32h7xx_ll_usb.o
                0x00000000080079ac                USB_ReadInterrupts
 .text.USB_ReadDevAllOutEpInterrupt
                0x00000000080079d2       0x34 ./Drivers/STM32H7xx_HAL_Driver/Src/stm32h7xx_ll_usb.o
                0x00000000080079d2                USB_ReadDevAllOutEpInterrupt
 .text.USB_ReadDevAllInEpInterrupt
                0x0000000008007a06       0x34 ./Drivers/STM32H7xx_HAL_Driver/Src/stm32h7xx_ll_usb.o
                0x0000000008007a06                USB_ReadDevAllInEpInterrupt
 .text.USB_ReadDevOutEPInterrupt
                0x0000000008007a3a       0x3c ./Drivers/STM32H7xx_HAL_Driver/Src/stm32h7xx_ll_usb.o
                0x0000000008007a3a                USB_ReadDevOutEPInterrupt
 .text.USB_ReadDevInEPInterrupt
                0x0000000008007a76       0x5c ./Drivers/STM32H7xx_HAL_Driver/Src/stm32h7xx_ll_usb.o
                0x0000000008007a76                USB_ReadDevInEPInterrupt
 .text.USB_GetMode
                0x0000000008007ad2       0x1c ./Drivers/STM32H7xx_HAL_Driver/Src/stm32h7xx_ll_usb.o
                0x0000000008007ad2                USB_GetMode
 *fill*         0x0000000008007aee        0x2 
 .text.USB_ActivateSetup
                0x0000000008007af0       0x48 ./Drivers/STM32H7xx_HAL_Driver/Src/stm32h7xx_ll_usb.o
                0x0000000008007af0                USB_ActivateSetup
 .text.USB_EP0_OutStart
                0x0000000008007b38       0xbc ./Drivers/STM32H7xx_HAL_Driver/Src/stm32h7xx_ll_usb.o
                0x0000000008007b38                USB_EP0_OutStart
 .text.USB_CoreReset
                0x0000000008007bf4       0x68 ./Drivers/STM32H7xx_HAL_Driver/Src/stm32h7xx_ll_usb.o
 .text.USBD_CDC_Init
                0x0000000008007c5c      0x1f0 ./Middlewares/ST/STM32_USB_Device_Library/Class/CDC/Src/usbd_cdc.o
 .text.USBD_CDC_DeInit
                0x0000000008007e4c      0x104 ./Middlewares/ST/STM32_USB_Device_Library/Class/CDC/Src/usbd_cdc.o
 .text.USBD_CDC_Setup
                0x0000000008007f50      0x1b8 ./Middlewares/ST/STM32_USB_Device_Library/Class/CDC/Src/usbd_cdc.o
 .text.USBD_CDC_DataIn
                0x0000000008008108       0xfe ./Middlewares/ST/STM32_USB_Device_Library/Class/CDC/Src/usbd_cdc.o
 .text.USBD_CDC_DataOut
                0x0000000008008206       0x70 ./Middlewares/ST/STM32_USB_Device_Library/Class/CDC/Src/usbd_cdc.o
 .text.USBD_CDC_EP0_RxReady
                0x0000000008008276       0x76 ./Middlewares/ST/STM32_USB_Device_Library/Class/CDC/Src/usbd_cdc.o
 .text.USBD_CDC_GetFSCfgDesc
                0x00000000080082ec       0x70 ./Middlewares/ST/STM32_USB_Device_Library/Class/CDC/Src/usbd_cdc.o
 .text.USBD_CDC_GetHSCfgDesc
                0x000000000800835c       0x70 ./Middlewares/ST/STM32_USB_Device_Library/Class/CDC/Src/usbd_cdc.o
 .text.USBD_CDC_GetOtherSpeedCfgDesc
                0x00000000080083cc       0x70 ./Middlewares/ST/STM32_USB_Device_Library/Class/CDC/Src/usbd_cdc.o
 .text.USBD_CDC_GetDeviceQualifierDescriptor
                0x000000000800843c       0x20 ./Middlewares/ST/STM32_USB_Device_Library/Class/CDC/Src/usbd_cdc.o
                0x000000000800843c                USBD_CDC_GetDeviceQualifierDescriptor
 .text.USBD_CDC_RegisterInterface
                0x000000000800845c       0x34 ./Middlewares/ST/STM32_USB_Device_Library/Class/CDC/Src/usbd_cdc.o
                0x000000000800845c                USBD_CDC_RegisterInterface
 .text.USBD_CDC_SetTxBuffer
                0x0000000008008490       0x44 ./Middlewares/ST/STM32_USB_Device_Library/Class/CDC/Src/usbd_cdc.o
                0x0000000008008490                USBD_CDC_SetTxBuffer
 .text.USBD_CDC_SetRxBuffer
                0x00000000080084d4       0x3a ./Middlewares/ST/STM32_USB_Device_Library/Class/CDC/Src/usbd_cdc.o
                0x00000000080084d4                USBD_CDC_SetRxBuffer
 *fill*         0x000000000800850e        0x2 
 .text.USBD_CDC_ReceivePacket
                0x0000000008008510       0x6c ./Middlewares/ST/STM32_USB_Device_Library/Class/CDC/Src/usbd_cdc.o
                0x0000000008008510                USBD_CDC_ReceivePacket
 .text.USBD_Init
                0x000000000800857c       0x60 ./Middlewares/ST/STM32_USB_Device_Library/Core/Src/usbd_core.o
                0x000000000800857c                USBD_Init
 .text.USBD_RegisterClass
                0x00000000080085dc       0x6c ./Middlewares/ST/STM32_USB_Device_Library/Core/Src/usbd_core.o
                0x00000000080085dc                USBD_RegisterClass
 .text.USBD_Start
                0x0000000008008648       0x18 ./Middlewares/ST/STM32_USB_Device_Library/Core/Src/usbd_core.o
                0x0000000008008648                USBD_Start
 .text.USBD_RunTestMode
                0x0000000008008660       0x16 ./Middlewares/ST/STM32_USB_Device_Library/Core/Src/usbd_core.o
                0x0000000008008660                USBD_RunTestMode
 .text.USBD_SetClassConfig
                0x0000000008008676       0x38 ./Middlewares/ST/STM32_USB_Device_Library/Core/Src/usbd_core.o
                0x0000000008008676                USBD_SetClassConfig
 .text.USBD_ClrClassConfig
                0x00000000080086ae       0x34 ./Middlewares/ST/STM32_USB_Device_Library/Core/Src/usbd_core.o
                0x00000000080086ae                USBD_ClrClassConfig
 .text.USBD_LL_SetupStage
                0x00000000080086e2       0xaa ./Middlewares/ST/STM32_USB_Device_Library/Core/Src/usbd_core.o
                0x00000000080086e2                USBD_LL_SetupStage
 .text.USBD_LL_DataOutStage
                0x000000000800878c      0x166 ./Middlewares/ST/STM32_USB_Device_Library/Core/Src/usbd_core.o
                0x000000000800878c                USBD_LL_DataOutStage
 .text.USBD_LL_DataInStage
                0x00000000080088f2      0x164 ./Middlewares/ST/STM32_USB_Device_Library/Core/Src/usbd_core.o
                0x00000000080088f2                USBD_LL_DataInStage
 .text.USBD_LL_Reset
                0x0000000008008a56       0xa4 ./Middlewares/ST/STM32_USB_Device_Library/Core/Src/usbd_core.o
                0x0000000008008a56                USBD_LL_Reset
 .text.USBD_LL_SetSpeed
                0x0000000008008afa       0x20 ./Middlewares/ST/STM32_USB_Device_Library/Core/Src/usbd_core.o
                0x0000000008008afa                USBD_LL_SetSpeed
 .text.USBD_LL_Suspend
                0x0000000008008b1a       0x38 ./Middlewares/ST/STM32_USB_Device_Library/Core/Src/usbd_core.o
                0x0000000008008b1a                USBD_LL_Suspend
 .text.USBD_LL_Resume
                0x0000000008008b52       0x30 ./Middlewares/ST/STM32_USB_Device_Library/Core/Src/usbd_core.o
                0x0000000008008b52                USBD_LL_Resume
 .text.USBD_LL_SOF
                0x0000000008008b82       0x40 ./Middlewares/ST/STM32_USB_Device_Library/Core/Src/usbd_core.o
                0x0000000008008b82                USBD_LL_SOF
 .text.USBD_LL_IsoINIncomplete
                0x0000000008008bc2       0x64 ./Middlewares/ST/STM32_USB_Device_Library/Core/Src/usbd_core.o
                0x0000000008008bc2                USBD_LL_IsoINIncomplete
 .text.USBD_LL_IsoOUTIncomplete
                0x0000000008008c26       0x64 ./Middlewares/ST/STM32_USB_Device_Library/Core/Src/usbd_core.o
                0x0000000008008c26                USBD_LL_IsoOUTIncomplete
 .text.USBD_LL_DevConnected
                0x0000000008008c8a       0x16 ./Middlewares/ST/STM32_USB_Device_Library/Core/Src/usbd_core.o
                0x0000000008008c8a                USBD_LL_DevConnected
 .text.USBD_LL_DevDisconnected
                0x0000000008008ca0       0x46 ./Middlewares/ST/STM32_USB_Device_Library/Core/Src/usbd_core.o
                0x0000000008008ca0                USBD_LL_DevDisconnected
 .text.USBD_CoreFindIF
                0x0000000008008ce6       0x1a ./Middlewares/ST/STM32_USB_Device_Library/Core/Src/usbd_core.o
                0x0000000008008ce6                USBD_CoreFindIF
 .text.USBD_CoreFindEP
                0x0000000008008d00       0x1a ./Middlewares/ST/STM32_USB_Device_Library/Core/Src/usbd_core.o
                0x0000000008008d00                USBD_CoreFindEP
 .text.USBD_GetEpDesc
                0x0000000008008d1a       0x74 ./Middlewares/ST/STM32_USB_Device_Library/Core/Src/usbd_core.o
                0x0000000008008d1a                USBD_GetEpDesc
 .text.USBD_GetNextDesc
                0x0000000008008d8e       0x3a ./Middlewares/ST/STM32_USB_Device_Library/Core/Src/usbd_core.o
                0x0000000008008d8e                USBD_GetNextDesc
 .text.SWAPBYTE
                0x0000000008008dc8       0x3c ./Middlewares/ST/STM32_USB_Device_Library/Core/Src/usbd_ctlreq.o
 .text.USBD_StdDevReq
                0x0000000008008e04       0xe4 ./Middlewares/ST/STM32_USB_Device_Library/Core/Src/usbd_ctlreq.o
                0x0000000008008e04                USBD_StdDevReq
 .text.USBD_StdItfReq
                0x0000000008008ee8       0xd8 ./Middlewares/ST/STM32_USB_Device_Library/Core/Src/usbd_ctlreq.o
                0x0000000008008ee8                USBD_StdItfReq
 .text.USBD_StdEPReq
                0x0000000008008fc0      0x33a ./Middlewares/ST/STM32_USB_Device_Library/Core/Src/usbd_ctlreq.o
                0x0000000008008fc0                USBD_StdEPReq
 *fill*         0x00000000080092fa        0x2 
 .text.USBD_GetDescriptor
                0x00000000080092fc      0x2d4 ./Middlewares/ST/STM32_USB_Device_Library/Core/Src/usbd_ctlreq.o
 .text.USBD_SetAddress
                0x00000000080095d0       0x88 ./Middlewares/ST/STM32_USB_Device_Library/Core/Src/usbd_ctlreq.o
 .text.USBD_SetConfig
                0x0000000008009658      0x154 ./Middlewares/ST/STM32_USB_Device_Library/Core/Src/usbd_ctlreq.o
 .text.USBD_GetConfig
                0x00000000080097ac       0x6c ./Middlewares/ST/STM32_USB_Device_Library/Core/Src/usbd_ctlreq.o
 .text.USBD_GetStatus
                0x0000000008009818       0x68 ./Middlewares/ST/STM32_USB_Device_Library/Core/Src/usbd_ctlreq.o
 .text.USBD_SetFeature
                0x0000000008009880       0x52 ./Middlewares/ST/STM32_USB_Device_Library/Core/Src/usbd_ctlreq.o
 .text.USBD_ClrFeature
                0x00000000080098d2       0x44 ./Middlewares/ST/STM32_USB_Device_Library/Core/Src/usbd_ctlreq.o
 .text.USBD_ParseSetupRequest
                0x0000000008009916       0x74 ./Middlewares/ST/STM32_USB_Device_Library/Core/Src/usbd_ctlreq.o
                0x0000000008009916                USBD_ParseSetupRequest
 .text.USBD_CtlError
                0x000000000800998a       0x22 ./Middlewares/ST/STM32_USB_Device_Library/Core/Src/usbd_ctlreq.o
                0x000000000800998a                USBD_CtlError
 .text.USBD_GetString
                0x00000000080099ac       0x8c ./Middlewares/ST/STM32_USB_Device_Library/Core/Src/usbd_ctlreq.o
                0x00000000080099ac                USBD_GetString
 .text.USBD_GetLen
                0x0000000008009a38       0x34 ./Middlewares/ST/STM32_USB_Device_Library/Core/Src/usbd_ctlreq.o
 .text.USBD_CtlSendData
                0x0000000008009a6c       0x36 ./Middlewares/ST/STM32_USB_Device_Library/Core/Src/usbd_ioreq.o
                0x0000000008009a6c                USBD_CtlSendData
 .text.USBD_CtlContinueSendData
                0x0000000008009aa2       0x22 ./Middlewares/ST/STM32_USB_Device_Library/Core/Src/usbd_ioreq.o
                0x0000000008009aa2                USBD_CtlContinueSendData
 .text.USBD_CtlPrepareRx
                0x0000000008009ac4       0x3a ./Middlewares/ST/STM32_USB_Device_Library/Core/Src/usbd_ioreq.o
                0x0000000008009ac4                USBD_CtlPrepareRx
 .text.USBD_CtlContinueRx
                0x0000000008009afe       0x22 ./Middlewares/ST/STM32_USB_Device_Library/Core/Src/usbd_ioreq.o
                0x0000000008009afe                USBD_CtlContinueRx
 .text.USBD_CtlSendStatus
                0x0000000008009b20       0x26 ./Middlewares/ST/STM32_USB_Device_Library/Core/Src/usbd_ioreq.o
                0x0000000008009b20                USBD_CtlSendStatus
 .text.USBD_CtlReceiveStatus
                0x0000000008009b46       0x26 ./Middlewares/ST/STM32_USB_Device_Library/Core/Src/usbd_ioreq.o
                0x0000000008009b46                USBD_CtlReceiveStatus
 .text.__NVIC_SetPriority
                0x0000000008009b6c       0x54 ./Middlewares/Third_Party/FreeRTOS/Source/CMSIS_RTOS_V2/cmsis_os2.o
 .text.SysTick_Handler
                0x0000000008009bc0       0x20 ./Middlewares/Third_Party/FreeRTOS/Source/CMSIS_RTOS_V2/cmsis_os2.o
                0x0000000008009bc0                SysTick_Handler
 .text.SVC_Setup
                0x0000000008009be0       0x12 ./Middlewares/Third_Party/FreeRTOS/Source/CMSIS_RTOS_V2/cmsis_os2.o
 *fill*         0x0000000008009bf2        0x2 
 .text.osKernelInitialize
                0x0000000008009bf4       0x48 ./Middlewares/Third_Party/FreeRTOS/Source/CMSIS_RTOS_V2/cmsis_os2.o
                0x0000000008009bf4                osKernelInitialize
 .text.osKernelStart
                0x0000000008009c3c       0x4c ./Middlewares/Third_Party/FreeRTOS/Source/CMSIS_RTOS_V2/cmsis_os2.o
                0x0000000008009c3c                osKernelStart
 .text.osThreadNew
                0x0000000008009c88      0x124 ./Middlewares/Third_Party/FreeRTOS/Source/CMSIS_RTOS_V2/cmsis_os2.o
                0x0000000008009c88                osThreadNew
 .text.osDelay  0x0000000008009dac       0x36 ./Middlewares/Third_Party/FreeRTOS/Source/CMSIS_RTOS_V2/cmsis_os2.o
                0x0000000008009dac                osDelay
 *fill*         0x0000000008009de2        0x2 
 .text.vApplicationGetIdleTaskMemory
                0x0000000008009de4       0x34 ./Middlewares/Third_Party/FreeRTOS/Source/CMSIS_RTOS_V2/cmsis_os2.o
                0x0000000008009de4                vApplicationGetIdleTaskMemory
 .text.vApplicationGetTimerTaskMemory
                0x0000000008009e18       0x34 ./Middlewares/Third_Party/FreeRTOS/Source/CMSIS_RTOS_V2/cmsis_os2.o
                0x0000000008009e18                vApplicationGetTimerTaskMemory
 .text.vListInitialise
                0x0000000008009e4c       0x40 ./Middlewares/Third_Party/FreeRTOS/Source/list.o
                0x0000000008009e4c                vListInitialise
 .text.vListInitialiseItem
                0x0000000008009e8c       0x1a ./Middlewares/Third_Party/FreeRTOS/Source/list.o
                0x0000000008009e8c                vListInitialiseItem
 .text.vListInsertEnd
                0x0000000008009ea6       0x48 ./Middlewares/Third_Party/FreeRTOS/Source/list.o
                0x0000000008009ea6                vListInsertEnd
 .text.vListInsert
                0x0000000008009eee       0x72 ./Middlewares/Third_Party/FreeRTOS/Source/list.o
                0x0000000008009eee                vListInsert
 .text.uxListRemove
                0x0000000008009f60       0x54 ./Middlewares/Third_Party/FreeRTOS/Source/list.o
                0x0000000008009f60                uxListRemove
 .text.xQueueGenericReset
                0x0000000008009fb4       0xd0 ./Middlewares/Third_Party/FreeRTOS/Source/queue.o
                0x0000000008009fb4                xQueueGenericReset
 .text.xQueueGenericCreateStatic
                0x000000000800a084       0xf0 ./Middlewares/Third_Party/FreeRTOS/Source/queue.o
                0x000000000800a084                xQueueGenericCreateStatic
 .text.prvInitialiseNewQueue
                0x000000000800a174       0x46 ./Middlewares/Third_Party/FreeRTOS/Source/queue.o
 *fill*         0x000000000800a1ba        0x2 
 .text.xQueueGenericSend
                0x000000000800a1bc      0x1fc ./Middlewares/Third_Party/FreeRTOS/Source/queue.o
                0x000000000800a1bc                xQueueGenericSend
 .text.xQueueGenericSendFromISR
                0x000000000800a3b8      0x136 ./Middlewares/Third_Party/FreeRTOS/Source/queue.o
                0x000000000800a3b8                xQueueGenericSendFromISR
 *fill*         0x000000000800a4ee        0x2 
 .text.xQueueReceive
                0x000000000800a4f0      0x1c0 ./Middlewares/Third_Party/FreeRTOS/Source/queue.o
                0x000000000800a4f0                xQueueReceive
 .text.prvCopyDataToQueue
                0x000000000800a6b0       0xd4 ./Middlewares/Third_Party/FreeRTOS/Source/queue.o
 .text.prvCopyDataFromQueue
                0x000000000800a784       0x4c ./Middlewares/Third_Party/FreeRTOS/Source/queue.o
 .text.prvUnlockQueue
                0x000000000800a7d0       0xa4 ./Middlewares/Third_Party/FreeRTOS/Source/queue.o
 .text.prvIsQueueEmpty
                0x000000000800a874       0x2c ./Middlewares/Third_Party/FreeRTOS/Source/queue.o
 .text.prvIsQueueFull
                0x000000000800a8a0       0x30 ./Middlewares/Third_Party/FreeRTOS/Source/queue.o
 .text.vQueueAddToRegistry
                0x000000000800a8d0       0x54 ./Middlewares/Third_Party/FreeRTOS/Source/queue.o
                0x000000000800a8d0                vQueueAddToRegistry
 .text.vQueueWaitForMessageRestricted
                0x000000000800a924       0x68 ./Middlewares/Third_Party/FreeRTOS/Source/queue.o
                0x000000000800a924                vQueueWaitForMessageRestricted
 .text.xTaskCreateStatic
                0x000000000800a98c       0xba ./Middlewares/Third_Party/FreeRTOS/Source/tasks.o
                0x000000000800a98c                xTaskCreateStatic
 .text.xTaskCreate
                0x000000000800aa46       0x8a ./Middlewares/Third_Party/FreeRTOS/Source/tasks.o
                0x000000000800aa46                xTaskCreate
 .text.prvInitialiseNewTask
                0x000000000800aad0      0x14c ./Middlewares/Third_Party/FreeRTOS/Source/tasks.o
 .text.prvAddNewTaskToReadyList
                0x000000000800ac1c       0xe0 ./Middlewares/Third_Party/FreeRTOS/Source/tasks.o
 .text.vTaskDelay
                0x000000000800acfc       0x68 ./Middlewares/Third_Party/FreeRTOS/Source/tasks.o
                0x000000000800acfc                vTaskDelay
 .text.vTaskStartScheduler
                0x000000000800ad64       0xe0 ./Middlewares/Third_Party/FreeRTOS/Source/tasks.o
                0x000000000800ad64                vTaskStartScheduler
 .text.vTaskSuspendAll
                0x000000000800ae44       0x1c ./Middlewares/Third_Party/FreeRTOS/Source/tasks.o
                0x000000000800ae44                vTaskSuspendAll
 .text.xTaskResumeAll
                0x000000000800ae60      0x13c ./Middlewares/Third_Party/FreeRTOS/Source/tasks.o
                0x000000000800ae60                xTaskResumeAll
 .text.xTaskGetTickCount
                0x000000000800af9c       0x20 ./Middlewares/Third_Party/FreeRTOS/Source/tasks.o
                0x000000000800af9c                xTaskGetTickCount
 .text.xTaskIncrementTick
                0x000000000800afbc      0x174 ./Middlewares/Third_Party/FreeRTOS/Source/tasks.o
                0x000000000800afbc                xTaskIncrementTick
 .text.vTaskSwitchContext
                0x000000000800b130       0xc8 ./Middlewares/Third_Party/FreeRTOS/Source/tasks.o
                0x000000000800b130                vTaskSwitchContext
 .text.vTaskPlaceOnEventList
                0x000000000800b1f8       0x48 ./Middlewares/Third_Party/FreeRTOS/Source/tasks.o
                0x000000000800b1f8                vTaskPlaceOnEventList
 .text.vTaskPlaceOnEventListRestricted
                0x000000000800b240       0x58 ./Middlewares/Third_Party/FreeRTOS/Source/tasks.o
                0x000000000800b240                vTaskPlaceOnEventListRestricted
 .text.xTaskRemoveFromEventList
                0x000000000800b298       0xc8 ./Middlewares/Third_Party/FreeRTOS/Source/tasks.o
                0x000000000800b298                xTaskRemoveFromEventList
 .text.vTaskInternalSetTimeOutState
                0x000000000800b360       0x2c ./Middlewares/Third_Party/FreeRTOS/Source/tasks.o
                0x000000000800b360                vTaskInternalSetTimeOutState
 .text.xTaskCheckForTimeOut
                0x000000000800b38c       0xc4 ./Middlewares/Third_Party/FreeRTOS/Source/tasks.o
                0x000000000800b38c                xTaskCheckForTimeOut
 .text.vTaskMissedYield
                0x000000000800b450       0x18 ./Middlewares/Third_Party/FreeRTOS/Source/tasks.o
                0x000000000800b450                vTaskMissedYield
 .text.prvIdleTask
                0x000000000800b468       0x30 ./Middlewares/Third_Party/FreeRTOS/Source/tasks.o
 .text.prvInitialiseTaskLists
                0x000000000800b498       0x80 ./Middlewares/Third_Party/FreeRTOS/Source/tasks.o
 .text.prvCheckTasksWaitingTermination
                0x000000000800b518       0x5c ./Middlewares/Third_Party/FreeRTOS/Source/tasks.o
 .text.prvDeleteTCB
                0x000000000800b574       0x68 ./Middlewares/Third_Party/FreeRTOS/Source/tasks.o
 .text.prvResetNextTaskUnblockTime
                0x000000000800b5dc       0x40 ./Middlewares/Third_Party/FreeRTOS/Source/tasks.o
 .text.xTaskGetSchedulerState
                0x000000000800b61c       0x3c ./Middlewares/Third_Party/FreeRTOS/Source/tasks.o
                0x000000000800b61c                xTaskGetSchedulerState
 .text.xTaskPriorityDisinherit
                0x000000000800b658       0xdc ./Middlewares/Third_Party/FreeRTOS/Source/tasks.o
                0x000000000800b658                xTaskPriorityDisinherit
 .text.prvAddCurrentTaskToDelayedList
                0x000000000800b734       0xa8 ./Middlewares/Third_Party/FreeRTOS/Source/tasks.o
 .text.xTimerCreateTimerTask
                0x000000000800b7dc       0x90 ./Middlewares/Third_Party/FreeRTOS/Source/timers.o
                0x000000000800b7dc                xTimerCreateTimerTask
 .text.xTimerGenericCommand
                0x000000000800b86c       0x9c ./Middlewares/Third_Party/FreeRTOS/Source/timers.o
                0x000000000800b86c                xTimerGenericCommand
 .text.prvProcessExpiredTimer
                0x000000000800b908       0x98 ./Middlewares/Third_Party/FreeRTOS/Source/timers.o
 .text.prvTimerTask
                0x000000000800b9a0       0x24 ./Middlewares/Third_Party/FreeRTOS/Source/timers.o
 .text.prvProcessTimerOrBlockTask
                0x000000000800b9c4       0x9c ./Middlewares/Third_Party/FreeRTOS/Source/timers.o
 .text.prvGetNextExpireTime
                0x000000000800ba60       0x48 ./Middlewares/Third_Party/FreeRTOS/Source/timers.o
 .text.prvSampleTimeNow
                0x000000000800baa8       0x40 ./Middlewares/Third_Party/FreeRTOS/Source/timers.o
 .text.prvInsertTimerInActiveList
                0x000000000800bae8       0x84 ./Middlewares/Third_Party/FreeRTOS/Source/timers.o
 .text.prvProcessReceivedCommands
                0x000000000800bb6c      0x1c4 ./Middlewares/Third_Party/FreeRTOS/Source/timers.o
 .text.prvSwitchTimerLists
                0x000000000800bd30       0xc8 ./Middlewares/Third_Party/FreeRTOS/Source/timers.o
 .text.prvCheckForValidListAndQueue
                0x000000000800bdf8       0x80 ./Middlewares/Third_Party/FreeRTOS/Source/timers.o
 .text.pxPortInitialiseStack
                0x000000000800be78       0x68 ./Middlewares/Third_Party/FreeRTOS/Source/portable/GCC/ARM_CM4F/port.o
                0x000000000800be78                pxPortInitialiseStack
 .text.prvTaskExitError
                0x000000000800bee0       0x58 ./Middlewares/Third_Party/FreeRTOS/Source/portable/GCC/ARM_CM4F/port.o
 *fill*         0x000000000800bf38        0x8 
 .text.SVC_Handler
                0x000000000800bf40       0x28 ./Middlewares/Third_Party/FreeRTOS/Source/portable/GCC/ARM_CM4F/port.o
                0x000000000800bf40                SVC_Handler
 .text.prvPortStartFirstTask
                0x000000000800bf68       0x28 ./Middlewares/Third_Party/FreeRTOS/Source/portable/GCC/ARM_CM4F/port.o
 .text.xPortStartScheduler
                0x000000000800bf90      0x144 ./Middlewares/Third_Party/FreeRTOS/Source/portable/GCC/ARM_CM4F/port.o
                0x000000000800bf90                xPortStartScheduler
 .text.vPortEnterCritical
                0x000000000800c0d4       0x60 ./Middlewares/Third_Party/FreeRTOS/Source/portable/GCC/ARM_CM4F/port.o
                0x000000000800c0d4                vPortEnterCritical
 .text.vPortExitCritical
                0x000000000800c134       0x54 ./Middlewares/Third_Party/FreeRTOS/Source/portable/GCC/ARM_CM4F/port.o
                0x000000000800c134                vPortExitCritical
 *fill*         0x000000000800c188        0x8 
 .text.PendSV_Handler
                0x000000000800c190       0x68 ./Middlewares/Third_Party/FreeRTOS/Source/portable/GCC/ARM_CM4F/port.o
                0x000000000800c190                PendSV_Handler
 .text.xPortSysTickHandler
                0x000000000800c1f8       0x44 ./Middlewares/Third_Party/FreeRTOS/Source/portable/GCC/ARM_CM4F/port.o
                0x000000000800c1f8                xPortSysTickHandler
 .text.vPortSetupTimerInterrupt
                0x000000000800c23c       0x48 ./Middlewares/Third_Party/FreeRTOS/Source/portable/GCC/ARM_CM4F/port.o
                0x000000000800c23c                vPortSetupTimerInterrupt
 .text.vPortEnableVFP
                0x000000000800c284       0x14 ./Middlewares/Third_Party/FreeRTOS/Source/portable/GCC/ARM_CM4F/port.o
 .text.vPortValidateInterruptPriority
                0x000000000800c298       0x80 ./Middlewares/Third_Party/FreeRTOS/Source/portable/GCC/ARM_CM4F/port.o
                0x000000000800c298                vPortValidateInterruptPriority
 .text.pvPortMalloc
                0x000000000800c318      0x198 ./Middlewares/Third_Party/FreeRTOS/Source/portable/MemMang/heap_4.o
                0x000000000800c318                pvPortMalloc
 .text.vPortFree
                0x000000000800c4b0       0xc4 ./Middlewares/Third_Party/FreeRTOS/Source/portable/MemMang/heap_4.o
                0x000000000800c4b0                vPortFree
 .text.prvHeapInit
                0x000000000800c574       0xc4 ./Middlewares/Third_Party/FreeRTOS/Source/portable/MemMang/heap_4.o
 .text.prvInsertBlockIntoFreeList
                0x000000000800c638       0xb4 ./Middlewares/Third_Party/FreeRTOS/Source/portable/MemMang/heap_4.o
 .text.MX_USB_DEVICE_Init
                0x000000000800c6ec       0x64 ./USB_DEVICE/App/usb_device.o
                0x000000000800c6ec                MX_USB_DEVICE_Init
 .text.CDC_Init_HS
                0x000000000800c750       0x28 ./USB_DEVICE/App/usbd_cdc_if.o
 .text.CDC_DeInit_HS
                0x000000000800c778       0x10 ./USB_DEVICE/App/usbd_cdc_if.o
 .text.CDC_Control_HS
                0x000000000800c788       0xbc ./USB_DEVICE/App/usbd_cdc_if.o
 .text.CDC_Receive_HS
                0x000000000800c844       0x28 ./USB_DEVICE/App/usbd_cdc_if.o
 .text.CDC_TransmitCplt_HS
                0x000000000800c86c       0x22 ./USB_DEVICE/App/usbd_cdc_if.o
 *fill*         0x000000000800c88e        0x2 
 .text.USBD_HS_DeviceDescriptor
                0x000000000800c890       0x24 ./USB_DEVICE/App/usbd_desc.o
                0x000000000800c890                USBD_HS_DeviceDescriptor
 .text.USBD_HS_LangIDStrDescriptor
                0x000000000800c8b4       0x24 ./USB_DEVICE/App/usbd_desc.o
                0x000000000800c8b4                USBD_HS_LangIDStrDescriptor
 .text.USBD_HS_ProductStrDescriptor
                0x000000000800c8d8       0x3c ./USB_DEVICE/App/usbd_desc.o
                0x000000000800c8d8                USBD_HS_ProductStrDescriptor
 .text.USBD_HS_ManufacturerStrDescriptor
                0x000000000800c914       0x28 ./USB_DEVICE/App/usbd_desc.o
                0x000000000800c914                USBD_HS_ManufacturerStrDescriptor
 .text.USBD_HS_SerialStrDescriptor
                0x000000000800c93c       0x24 ./USB_DEVICE/App/usbd_desc.o
                0x000000000800c93c                USBD_HS_SerialStrDescriptor
 .text.USBD_HS_ConfigStrDescriptor
                0x000000000800c960       0x3c ./USB_DEVICE/App/usbd_desc.o
                0x000000000800c960                USBD_HS_ConfigStrDescriptor
 .text.USBD_HS_InterfaceStrDescriptor
                0x000000000800c99c       0x3c ./USB_DEVICE/App/usbd_desc.o
                0x000000000800c99c                USBD_HS_InterfaceStrDescriptor
 .text.Get_SerialNum
                0x000000000800c9d8       0x58 ./USB_DEVICE/App/usbd_desc.o
 .text.IntToUnicode
                0x000000000800ca30       0x7e ./USB_DEVICE/App/usbd_desc.o
 *fill*         0x000000000800caae        0x2 
 .text.HAL_PCD_MspInit
                0x000000000800cab0       0x8c ./USB_DEVICE/Target/usbd_conf.o
                0x000000000800cab0                HAL_PCD_MspInit
 .text.HAL_PCD_SetupStageCallback
                0x000000000800cb3c       0x24 ./USB_DEVICE/Target/usbd_conf.o
                0x000000000800cb3c                HAL_PCD_SetupStageCallback
 .text.HAL_PCD_DataOutStageCallback
                0x000000000800cb60       0x36 ./USB_DEVICE/Target/usbd_conf.o
                0x000000000800cb60                HAL_PCD_DataOutStageCallback
 .text.HAL_PCD_DataInStageCallback
                0x000000000800cb96       0x34 ./USB_DEVICE/Target/usbd_conf.o
                0x000000000800cb96                HAL_PCD_DataInStageCallback
 .text.HAL_PCD_SOFCallback
                0x000000000800cbca       0x1c ./USB_DEVICE/Target/usbd_conf.o
                0x000000000800cbca                HAL_PCD_SOFCallback
 .text.HAL_PCD_ResetCallback
                0x000000000800cbe6       0x50 ./USB_DEVICE/Target/usbd_conf.o
                0x000000000800cbe6                HAL_PCD_ResetCallback
 *fill*         0x000000000800cc36        0x2 
 .text.HAL_PCD_SuspendCallback
                0x000000000800cc38       0x4c ./USB_DEVICE/Target/usbd_conf.o
                0x000000000800cc38                HAL_PCD_SuspendCallback
 .text.HAL_PCD_ResumeCallback
                0x000000000800cc84       0x1c ./USB_DEVICE/Target/usbd_conf.o
                0x000000000800cc84                HAL_PCD_ResumeCallback
 .text.HAL_PCD_ISOOUTIncompleteCallback
                0x000000000800cca0       0x24 ./USB_DEVICE/Target/usbd_conf.o
                0x000000000800cca0                HAL_PCD_ISOOUTIncompleteCallback
 .text.HAL_PCD_ISOINIncompleteCallback
                0x000000000800ccc4       0x24 ./USB_DEVICE/Target/usbd_conf.o
                0x000000000800ccc4                HAL_PCD_ISOINIncompleteCallback
 .text.HAL_PCD_ConnectCallback
                0x000000000800cce8       0x1c ./USB_DEVICE/Target/usbd_conf.o
                0x000000000800cce8                HAL_PCD_ConnectCallback
 .text.HAL_PCD_DisconnectCallback
                0x000000000800cd04       0x1c ./USB_DEVICE/Target/usbd_conf.o
                0x000000000800cd04                HAL_PCD_DisconnectCallback
 .text.USBD_LL_Init
                0x000000000800cd20       0xa4 ./USB_DEVICE/Target/usbd_conf.o
                0x000000000800cd20                USBD_LL_Init
 .text.USBD_LL_Start
                0x000000000800cdc4       0x36 ./USB_DEVICE/Target/usbd_conf.o
                0x000000000800cdc4                USBD_LL_Start
 .text.USBD_LL_OpenEP
                0x000000000800cdfa       0x4c ./USB_DEVICE/Target/usbd_conf.o
                0x000000000800cdfa                USBD_LL_OpenEP
 .text.USBD_LL_CloseEP
                0x000000000800ce46       0x3e ./USB_DEVICE/Target/usbd_conf.o
                0x000000000800ce46                USBD_LL_CloseEP
 .text.USBD_LL_StallEP
                0x000000000800ce84       0x3e ./USB_DEVICE/Target/usbd_conf.o
                0x000000000800ce84                USBD_LL_StallEP
 .text.USBD_LL_ClearStallEP
                0x000000000800cec2       0x3e ./USB_DEVICE/Target/usbd_conf.o
                0x000000000800cec2                USBD_LL_ClearStallEP
 .text.USBD_LL_IsStallEP
                0x000000000800cf00       0x58 ./USB_DEVICE/Target/usbd_conf.o
                0x000000000800cf00                USBD_LL_IsStallEP
 .text.USBD_LL_SetUSBAddress
                0x000000000800cf58       0x3e ./USB_DEVICE/Target/usbd_conf.o
                0x000000000800cf58                USBD_LL_SetUSBAddress
 .text.USBD_LL_Transmit
                0x000000000800cf96       0x42 ./USB_DEVICE/Target/usbd_conf.o
                0x000000000800cf96                USBD_LL_Transmit
 .text.USBD_LL_PrepareReceive
                0x000000000800cfd8       0x42 ./USB_DEVICE/Target/usbd_conf.o
                0x000000000800cfd8                USBD_LL_PrepareReceive
 .text.USBD_LL_GetRxDataSize
                0x000000000800d01a       0x26 ./USB_DEVICE/Target/usbd_conf.o
                0x000000000800d01a                USBD_LL_GetRxDataSize
 .text.USBD_static_malloc
                0x000000000800d040       0x1c ./USB_DEVICE/Target/usbd_conf.o
                0x000000000800d040                USBD_static_malloc
 .text.USBD_static_free
                0x000000000800d05c       0x14 ./USB_DEVICE/Target/usbd_conf.o
                0x000000000800d05c                USBD_static_free
 .text.USBD_Get_USB_Status
                0x000000000800d070       0x58 ./USB_DEVICE/Target/usbd_conf.o
                0x000000000800d070                USBD_Get_USB_Status
 .text.__libc_init_array
                0x000000000800d0c8       0x48 c:/st/stm32cubeide_1.10.1/stm32cubeide/plugins/com.st.stm32cube.ide.mcu.externaltools.gnu-tools-for-stm32.10.3-2021.10.win32_1.0.200.202301161003/tools/bin/../lib/gcc/arm-none-eabi/10.3.1/../../../../arm-none-eabi/lib/thumb/v7e-m+dp/hard\libc_nano.a(lib_a-init.o)
                0x000000000800d0c8                __libc_init_array
 .text.__retarget_lock_acquire_recursive
                0x000000000800d110        0x2 c:/st/stm32cubeide_1.10.1/stm32cubeide/plugins/com.st.stm32cube.ide.mcu.externaltools.gnu-tools-for-stm32.10.3-2021.10.win32_1.0.200.202301161003/tools/bin/../lib/gcc/arm-none-eabi/10.3.1/../../../../arm-none-eabi/lib/thumb/v7e-m+dp/hard\libc_nano.a(lib_a-lock.o)
                0x000000000800d110                __retarget_lock_acquire_recursive
 .text.__retarget_lock_release_recursive
                0x000000000800d112        0x2 c:/st/stm32cubeide_1.10.1/stm32cubeide/plugins/com.st.stm32cube.ide.mcu.externaltools.gnu-tools-for-stm32.10.3-2021.10.win32_1.0.200.202301161003/tools/bin/../lib/gcc/arm-none-eabi/10.3.1/../../../../arm-none-eabi/lib/thumb/v7e-m+dp/hard\libc_nano.a(lib_a-lock.o)
                0x000000000800d112                __retarget_lock_release_recursive
 .text.memcpy   0x000000000800d114       0x1c c:/st/stm32cubeide_1.10.1/stm32cubeide/plugins/com.st.stm32cube.ide.mcu.externaltools.gnu-tools-for-stm32.10.3-2021.10.win32_1.0.200.202301161003/tools/bin/../lib/gcc/arm-none-eabi/10.3.1/../../../../arm-none-eabi/lib/thumb/v7e-m+dp/hard\libc_nano.a(lib_a-memcpy-stub.o)
                0x000000000800d114                memcpy
 .text.memset   0x000000000800d130       0x10 c:/st/stm32cubeide_1.10.1/stm32cubeide/plugins/com.st.stm32cube.ide.mcu.externaltools.gnu-tools-for-stm32.10.3-2021.10.win32_1.0.200.202301161003/tools/bin/../lib/gcc/arm-none-eabi/10.3.1/../../../../arm-none-eabi/lib/thumb/v7e-m+dp/hard\libc_nano.a(lib_a-memset.o)
                0x000000000800d130                memset
 .text.cleanup_glue
                0x000000000800d140       0x1a c:/st/stm32cubeide_1.10.1/stm32cubeide/plugins/com.st.stm32cube.ide.mcu.externaltools.gnu-tools-for-stm32.10.3-2021.10.win32_1.0.200.202301161003/tools/bin/../lib/gcc/arm-none-eabi/10.3.1/../../../../arm-none-eabi/lib/thumb/v7e-m+dp/hard\libc_nano.a(lib_a-reent.o)
                0x000000000800d140                cleanup_glue
 *fill*         0x000000000800d15a        0x2 
 .text._reclaim_reent
                0x000000000800d15c       0xb8 c:/st/stm32cubeide_1.10.1/stm32cubeide/plugins/com.st.stm32cube.ide.mcu.externaltools.gnu-tools-for-stm32.10.3-2021.10.win32_1.0.200.202301161003/tools/bin/../lib/gcc/arm-none-eabi/10.3.1/../../../../arm-none-eabi/lib/thumb/v7e-m+dp/hard\libc_nano.a(lib_a-reent.o)
                0x000000000800d15c                _reclaim_reent
 .text.__malloc_lock
                0x000000000800d214        0xc c:/st/stm32cubeide_1.10.1/stm32cubeide/plugins/com.st.stm32cube.ide.mcu.externaltools.gnu-tools-for-stm32.10.3-2021.10.win32_1.0.200.202301161003/tools/bin/../lib/gcc/arm-none-eabi/10.3.1/../../../../arm-none-eabi/lib/thumb/v7e-m+dp/hard\libc_nano.a(lib_a-mlock.o)
                0x000000000800d214                __malloc_lock
 .text.__malloc_unlock
                0x000000000800d220        0xc c:/st/stm32cubeide_1.10.1/stm32cubeide/plugins/com.st.stm32cube.ide.mcu.externaltools.gnu-tools-for-stm32.10.3-2021.10.win32_1.0.200.202301161003/tools/bin/../lib/gcc/arm-none-eabi/10.3.1/../../../../arm-none-eabi/lib/thumb/v7e-m+dp/hard\libc_nano.a(lib_a-mlock.o)
                0x000000000800d220                __malloc_unlock
 .text._free_r  0x000000000800d22c       0x98 c:/st/stm32cubeide_1.10.1/stm32cubeide/plugins/com.st.stm32cube.ide.mcu.externaltools.gnu-tools-for-stm32.10.3-2021.10.win32_1.0.200.202301161003/tools/bin/../lib/gcc/arm-none-eabi/10.3.1/../../../../arm-none-eabi/lib/thumb/v7e-m+dp/hard\libc_nano.a(lib_a-nano-freer.o)
                0x000000000800d22c                _free_r
 *(.glue_7)
 .glue_7        0x000000000800d2c4        0x0 linker stubs
 *(.glue_7t)
 .glue_7t       0x000000000800d2c4        0x0 linker stubs
 *(.eh_frame)
 .eh_frame      0x000000000800d2c4        0x0 c:/st/stm32cubeide_1.10.1/stm32cubeide/plugins/com.st.stm32cube.ide.mcu.externaltools.gnu-tools-for-stm32.10.3-2021.10.win32_1.0.200.202301161003/tools/bin/../lib/gcc/arm-none-eabi/10.3.1/thumb/v7e-m+dp/hard/crtbegin.o
 *(.init)
 .init          0x000000000800d2c4        0x4 c:/st/stm32cubeide_1.10.1/stm32cubeide/plugins/com.st.stm32cube.ide.mcu.externaltools.gnu-tools-for-stm32.10.3-2021.10.win32_1.0.200.202301161003/tools/bin/../lib/gcc/arm-none-eabi/10.3.1/thumb/v7e-m+dp/hard/crti.o
                0x000000000800d2c4                _init
 .init          0x000000000800d2c8        0x8 c:/st/stm32cubeide_1.10.1/stm32cubeide/plugins/com.st.stm32cube.ide.mcu.externaltools.gnu-tools-for-stm32.10.3-2021.10.win32_1.0.200.202301161003/tools/bin/../lib/gcc/arm-none-eabi/10.3.1/thumb/v7e-m+dp/hard/crtn.o
 *(.fini)
 .fini          0x000000000800d2d0        0x4 c:/st/stm32cubeide_1.10.1/stm32cubeide/plugins/com.st.stm32cube.ide.mcu.externaltools.gnu-tools-for-stm32.10.3-2021.10.win32_1.0.200.202301161003/tools/bin/../lib/gcc/arm-none-eabi/10.3.1/thumb/v7e-m+dp/hard/crti.o
                0x000000000800d2d0                _fini
 .fini          0x000000000800d2d4        0x8 c:/st/stm32cubeide_1.10.1/stm32cubeide/plugins/com.st.stm32cube.ide.mcu.externaltools.gnu-tools-for-stm32.10.3-2021.10.win32_1.0.200.202301161003/tools/bin/../lib/gcc/arm-none-eabi/10.3.1/thumb/v7e-m+dp/hard/crtn.o
                0x000000000800d2dc                . = ALIGN (0x4)
                0x000000000800d2dc                _etext = .

.vfp11_veneer   0x000000000800d2dc        0x0
 .vfp11_veneer  0x000000000800d2dc        0x0 linker stubs

.v4_bx          0x000000000800d2dc        0x0
 .v4_bx         0x000000000800d2dc        0x0 linker stubs

.iplt           0x000000000800d2dc        0x0
 .iplt          0x000000000800d2dc        0x0 c:/st/stm32cubeide_1.10.1/stm32cubeide/plugins/com.st.stm32cube.ide.mcu.externaltools.gnu-tools-for-stm32.10.3-2021.10.win32_1.0.200.202301161003/tools/bin/../lib/gcc/arm-none-eabi/10.3.1/thumb/v7e-m+dp/hard/crtbegin.o

.rodata         0x000000000800d2dc      0x14c
                0x000000000800d2dc                . = ALIGN (0x4)
 *(.rodata)
 .rodata        0x000000000800d2dc        0xc ./Core/Src/main.o
 .rodata        0x000000000800d2e8       0x4c ./Drivers/STM32H7xx_HAL_Driver/Src/stm32h7xx_hal_fdcan.o
 .rodata        0x000000000800d334        0x5 ./Middlewares/Third_Party/FreeRTOS/Source/tasks.o
 *fill*         0x000000000800d339        0x3 
 .rodata        0x000000000800d33c        0xd ./Middlewares/Third_Party/FreeRTOS/Source/timers.o
 *fill*         0x000000000800d349        0x3 
 .rodata        0x000000000800d34c       0x46 ./USB_DEVICE/App/usbd_desc.o
 *(.rodata*)
 *fill*         0x000000000800d392        0x2 
 .rodata.defaultTask_attributes
                0x000000000800d394       0x24 ./Core/Src/main.o
                0x000000000800d394                defaultTask_attributes
 .rodata.D1CorePrescTable
                0x000000000800d3b8       0x10 ./Core/Src/system_stm32h7xx.o
                0x000000000800d3b8                D1CorePrescTable
 .rodata.__sf_fake_stderr
                0x000000000800d3c8       0x20 c:/st/stm32cubeide_1.10.1/stm32cubeide/plugins/com.st.stm32cube.ide.mcu.externaltools.gnu-tools-for-stm32.10.3-2021.10.win32_1.0.200.202301161003/tools/bin/../lib/gcc/arm-none-eabi/10.3.1/../../../../arm-none-eabi/lib/thumb/v7e-m+dp/hard\libc_nano.a(lib_a-findfp.o)
                0x000000000800d3c8                __sf_fake_stderr
 .rodata.__sf_fake_stdin
                0x000000000800d3e8       0x20 c:/st/stm32cubeide_1.10.1/stm32cubeide/plugins/com.st.stm32cube.ide.mcu.externaltools.gnu-tools-for-stm32.10.3-2021.10.win32_1.0.200.202301161003/tools/bin/../lib/gcc/arm-none-eabi/10.3.1/../../../../arm-none-eabi/lib/thumb/v7e-m+dp/hard\libc_nano.a(lib_a-findfp.o)
                0x000000000800d3e8                __sf_fake_stdin
 .rodata.__sf_fake_stdout
                0x000000000800d408       0x20 c:/st/stm32cubeide_1.10.1/stm32cubeide/plugins/com.st.stm32cube.ide.mcu.externaltools.gnu-tools-for-stm32.10.3-2021.10.win32_1.0.200.202301161003/tools/bin/../lib/gcc/arm-none-eabi/10.3.1/../../../../arm-none-eabi/lib/thumb/v7e-m+dp/hard\libc_nano.a(lib_a-findfp.o)
                0x000000000800d408                __sf_fake_stdout
                0x000000000800d428                . = ALIGN (0x4)

.rel.dyn        0x000000000800d428        0x0
 .rel.iplt      0x000000000800d428        0x0 c:/st/stm32cubeide_1.10.1/stm32cubeide/plugins/com.st.stm32cube.ide.mcu.externaltools.gnu-tools-for-stm32.10.3-2021.10.win32_1.0.200.202301161003/tools/bin/../lib/gcc/arm-none-eabi/10.3.1/thumb/v7e-m+dp/hard/crtbegin.o

.ARM.extab
 *(.ARM.extab* .gnu.linkonce.armextab.*)

.ARM            0x000000000800d428        0x0
                0x000000000800d428                __exidx_start = .
 *(.ARM.exidx*)
                0x000000000800d428                __exidx_end = .

.preinit_array  0x000000000800d428        0x0
                0x000000000800d428                PROVIDE (__preinit_array_start = .)
 *(.preinit_array*)
                0x000000000800d428                PROVIDE (__preinit_array_end = .)

.init_array     0x000000000800d428        0x4
                0x000000000800d428                PROVIDE (__init_array_start = .)
 *(SORT_BY_NAME(.init_array.*))
 *(.init_array*)
 .init_array    0x000000000800d428        0x4 c:/st/stm32cubeide_1.10.1/stm32cubeide/plugins/com.st.stm32cube.ide.mcu.externaltools.gnu-tools-for-stm32.10.3-2021.10.win32_1.0.200.202301161003/tools/bin/../lib/gcc/arm-none-eabi/10.3.1/thumb/v7e-m+dp/hard/crtbegin.o
                0x000000000800d42c                PROVIDE (__init_array_end = .)

.fini_array     0x000000000800d42c        0x4
                [!provide]                        PROVIDE (__fini_array_start = .)
 *(SORT_BY_NAME(.fini_array.*))
 *(.fini_array*)
 .fini_array    0x000000000800d42c        0x4 c:/st/stm32cubeide_1.10.1/stm32cubeide/plugins/com.st.stm32cube.ide.mcu.externaltools.gnu-tools-for-stm32.10.3-2021.10.win32_1.0.200.202301161003/tools/bin/../lib/gcc/arm-none-eabi/10.3.1/thumb/v7e-m+dp/hard/crtbegin.o
                [!provide]                        PROVIDE (__fini_array_end = .)
                0x000000000800d430                _sidata = LOADADDR (.data)

.data           0x0000000024000000      0x168 load address 0x000000000800d430
                0x0000000024000000                . = ALIGN (0x4)
                0x0000000024000000                _sdata = .
 *(.data)
 *(.data*)
 .data.SystemCoreClock
                0x0000000024000000        0x4 ./Core/Src/system_stm32h7xx.o
                0x0000000024000000                SystemCoreClock
 .data.SystemD2Clock
                0x0000000024000004        0x4 ./Core/Src/system_stm32h7xx.o
                0x0000000024000004                SystemD2Clock
 .data.uwTickPrio
                0x0000000024000008        0x4 ./Drivers/STM32H7xx_HAL_Driver/Src/stm32h7xx_hal.o
                0x0000000024000008                uwTickPrio
 .data.uwTickFreq
                0x000000002400000c        0x1 ./Drivers/STM32H7xx_HAL_Driver/Src/stm32h7xx_hal.o
                0x000000002400000c                uwTickFreq
 *fill*         0x000000002400000d        0x3 
 .data.USBD_CDC_DeviceQualifierDesc
                0x0000000024000010        0xa ./Middlewares/ST/STM32_USB_Device_Library/Class/CDC/Src/usbd_cdc.o
 *fill*         0x000000002400001a        0x2 
 .data.USBD_CDC
                0x000000002400001c       0x38 ./Middlewares/ST/STM32_USB_Device_Library/Class/CDC/Src/usbd_cdc.o
                0x000000002400001c                USBD_CDC
 .data.USBD_CDC_CfgDesc
                0x0000000024000054       0x43 ./Middlewares/ST/STM32_USB_Device_Library/Class/CDC/Src/usbd_cdc.o
 .data.CDCInEpAdd
                0x0000000024000097        0x1 ./Middlewares/ST/STM32_USB_Device_Library/Class/CDC/Src/usbd_cdc.o
 .data.CDCOutEpAdd
                0x0000000024000098        0x1 ./Middlewares/ST/STM32_USB_Device_Library/Class/CDC/Src/usbd_cdc.o
 .data.CDCCmdEpAdd
                0x0000000024000099        0x1 ./Middlewares/ST/STM32_USB_Device_Library/Class/CDC/Src/usbd_cdc.o
 *fill*         0x000000002400009a        0x2 
 .data.uxCriticalNesting
                0x000000002400009c        0x4 ./Middlewares/Third_Party/FreeRTOS/Source/portable/GCC/ARM_CM4F/port.o
 .data.USBD_Interface_fops_HS
                0x00000000240000a0       0x14 ./USB_DEVICE/App/usbd_cdc_if.o
                0x00000000240000a0                USBD_Interface_fops_HS
 .data.HS_Desc  0x00000000240000b4       0x1c ./USB_DEVICE/App/usbd_desc.o
                0x00000000240000b4                HS_Desc
 .data.USBD_HS_DeviceDesc
                0x00000000240000d0       0x12 ./USB_DEVICE/App/usbd_desc.o
                0x00000000240000d0                USBD_HS_DeviceDesc
 *fill*         0x00000000240000e2        0x2 
 .data.USBD_LangIDDesc
                0x00000000240000e4        0x4 ./USB_DEVICE/App/usbd_desc.o
                0x00000000240000e4                USBD_LangIDDesc
 .data.USBD_StringSerial
                0x00000000240000e8       0x1a ./USB_DEVICE/App/usbd_desc.o
                0x00000000240000e8                USBD_StringSerial
 *fill*         0x0000000024000102        0x2 
 .data._impure_ptr
                0x0000000024000104        0x4 c:/st/stm32cubeide_1.10.1/stm32cubeide/plugins/com.st.stm32cube.ide.mcu.externaltools.gnu-tools-for-stm32.10.3-2021.10.win32_1.0.200.202301161003/tools/bin/../lib/gcc/arm-none-eabi/10.3.1/../../../../arm-none-eabi/lib/thumb/v7e-m+dp/hard\libc_nano.a(lib_a-impure.o)
                0x0000000024000104                _impure_ptr
 .data.impure_data
                0x0000000024000108       0x60 c:/st/stm32cubeide_1.10.1/stm32cubeide/plugins/com.st.stm32cube.ide.mcu.externaltools.gnu-tools-for-stm32.10.3-2021.10.win32_1.0.200.202301161003/tools/bin/../lib/gcc/arm-none-eabi/10.3.1/../../../../arm-none-eabi/lib/thumb/v7e-m+dp/hard\libc_nano.a(lib_a-impure.o)
 *(.RamFunc)
 *(.RamFunc*)
                0x0000000024000168                . = ALIGN (0x4)
                0x0000000024000168                _edata = .

.igot.plt       0x0000000024000168        0x0 load address 0x000000000800d598
 .igot.plt      0x0000000024000168        0x0 c:/st/stm32cubeide_1.10.1/stm32cubeide/plugins/com.st.stm32cube.ide.mcu.externaltools.gnu-tools-for-stm32.10.3-2021.10.win32_1.0.200.202301161003/tools/bin/../lib/gcc/arm-none-eabi/10.3.1/thumb/v7e-m+dp/hard/crtbegin.o
                0x0000000024000168                . = ALIGN (0x4)

.bss            0x0000000024000168     0x6964 load address 0x000000000800d598
                0x0000000024000168                _sbss = .
                0x0000000024000168                __bss_start__ = _sbss
 *(.bss)
 .bss           0x0000000024000168       0x1c c:/st/stm32cubeide_1.10.1/stm32cubeide/plugins/com.st.stm32cube.ide.mcu.externaltools.gnu-tools-for-stm32.10.3-2021.10.win32_1.0.200.202301161003/tools/bin/../lib/gcc/arm-none-eabi/10.3.1/thumb/v7e-m+dp/hard/crtbegin.o
 *(.bss*)
 .bss.hdts      0x0000000024000184       0x24 ./Core/Src/main.o
                0x0000000024000184                hdts
 .bss.hfdcan1   0x00000000240001a8       0xa0 ./Core/Src/main.o
                0x00000000240001a8                hfdcan1
 .bss.hi2c1     0x0000000024000248       0x54 ./Core/Src/main.o
                0x0000000024000248                hi2c1
 .bss.hi2c3     0x000000002400029c       0x54 ./Core/Src/main.o
                0x000000002400029c                hi2c3
 .bss.hi2c4     0x00000000240002f0       0x54 ./Core/Src/main.o
                0x00000000240002f0                hi2c4
 .bss.hspi4     0x0000000024000344       0x88 ./Core/Src/main.o
                0x0000000024000344                hspi4
 .bss.hspi5     0x00000000240003cc       0x88 ./Core/Src/main.o
                0x00000000240003cc                hspi5
 .bss.defaultTaskHandle
                0x0000000024000454        0x4 ./Core/Src/main.o
                0x0000000024000454                defaultTaskHandle
 .bss.htim6     0x0000000024000458       0x4c ./Core/Src/stm32h7xx_hal_timebase_tim.o
                0x0000000024000458                htim6
 .bss.uwTick    0x00000000240004a4        0x4 ./Drivers/STM32H7xx_HAL_Driver/Src/stm32h7xx_hal.o
                0x00000000240004a4                uwTick
 .bss.cfgidx.0  0x00000000240004a8        0x1 ./Middlewares/ST/STM32_USB_Device_Library/Core/Src/usbd_ctlreq.o
 *fill*         0x00000000240004a9        0x3 
 .bss.KernelState
                0x00000000240004ac        0x4 ./Middlewares/Third_Party/FreeRTOS/Source/CMSIS_RTOS_V2/cmsis_os2.o
 .bss.Idle_TCB.3
                0x00000000240004b0       0xbc ./Middlewares/Third_Party/FreeRTOS/Source/CMSIS_RTOS_V2/cmsis_os2.o
 .bss.Idle_Stack.2
                0x000000002400056c      0x200 ./Middlewares/Third_Party/FreeRTOS/Source/CMSIS_RTOS_V2/cmsis_os2.o
 .bss.Timer_TCB.1
                0x000000002400076c       0xbc ./Middlewares/Third_Party/FreeRTOS/Source/CMSIS_RTOS_V2/cmsis_os2.o
 .bss.Timer_Stack.0
                0x0000000024000828      0x400 ./Middlewares/Third_Party/FreeRTOS/Source/CMSIS_RTOS_V2/cmsis_os2.o
 .bss.xQueueRegistry
                0x0000000024000c28       0x40 ./Middlewares/Third_Party/FreeRTOS/Source/queue.o
                0x0000000024000c28                xQueueRegistry
 .bss.pxCurrentTCB
                0x0000000024000c68        0x4 ./Middlewares/Third_Party/FreeRTOS/Source/tasks.o
                0x0000000024000c68                pxCurrentTCB
 .bss.pxReadyTasksLists
                0x0000000024000c6c      0x460 ./Middlewares/Third_Party/FreeRTOS/Source/tasks.o
 .bss.xDelayedTaskList1
                0x00000000240010cc       0x14 ./Middlewares/Third_Party/FreeRTOS/Source/tasks.o
 .bss.xDelayedTaskList2
                0x00000000240010e0       0x14 ./Middlewares/Third_Party/FreeRTOS/Source/tasks.o
 .bss.pxDelayedTaskList
                0x00000000240010f4        0x4 ./Middlewares/Third_Party/FreeRTOS/Source/tasks.o
 .bss.pxOverflowDelayedTaskList
                0x00000000240010f8        0x4 ./Middlewares/Third_Party/FreeRTOS/Source/tasks.o
 .bss.xPendingReadyList
                0x00000000240010fc       0x14 ./Middlewares/Third_Party/FreeRTOS/Source/tasks.o
 .bss.xTasksWaitingTermination
                0x0000000024001110       0x14 ./Middlewares/Third_Party/FreeRTOS/Source/tasks.o
 .bss.uxDeletedTasksWaitingCleanUp
                0x0000000024001124        0x4 ./Middlewares/Third_Party/FreeRTOS/Source/tasks.o
 .bss.xSuspendedTaskList
                0x0000000024001128       0x14 ./Middlewares/Third_Party/FreeRTOS/Source/tasks.o
 .bss.uxCurrentNumberOfTasks
                0x000000002400113c        0x4 ./Middlewares/Third_Party/FreeRTOS/Source/tasks.o
 .bss.xTickCount
                0x0000000024001140        0x4 ./Middlewares/Third_Party/FreeRTOS/Source/tasks.o
 .bss.uxTopReadyPriority
                0x0000000024001144        0x4 ./Middlewares/Third_Party/FreeRTOS/Source/tasks.o
 .bss.xSchedulerRunning
                0x0000000024001148        0x4 ./Middlewares/Third_Party/FreeRTOS/Source/tasks.o
 .bss.xPendedTicks
                0x000000002400114c        0x4 ./Middlewares/Third_Party/FreeRTOS/Source/tasks.o
 .bss.xYieldPending
                0x0000000024001150        0x4 ./Middlewares/Third_Party/FreeRTOS/Source/tasks.o
 .bss.xNumOfOverflows
                0x0000000024001154        0x4 ./Middlewares/Third_Party/FreeRTOS/Source/tasks.o
 .bss.uxTaskNumber
                0x0000000024001158        0x4 ./Middlewares/Third_Party/FreeRTOS/Source/tasks.o
 .bss.xNextTaskUnblockTime
                0x000000002400115c        0x4 ./Middlewares/Third_Party/FreeRTOS/Source/tasks.o
 .bss.xIdleTaskHandle
                0x0000000024001160        0x4 ./Middlewares/Third_Party/FreeRTOS/Source/tasks.o
 .bss.uxSchedulerSuspended
                0x0000000024001164        0x4 ./Middlewares/Third_Party/FreeRTOS/Source/tasks.o
 .bss.xActiveTimerList1
                0x0000000024001168       0x14 ./Middlewares/Third_Party/FreeRTOS/Source/timers.o
 .bss.xActiveTimerList2
                0x000000002400117c       0x14 ./Middlewares/Third_Party/FreeRTOS/Source/timers.o
 .bss.pxCurrentTimerList
                0x0000000024001190        0x4 ./Middlewares/Third_Party/FreeRTOS/Source/timers.o
 .bss.pxOverflowTimerList
                0x0000000024001194        0x4 ./Middlewares/Third_Party/FreeRTOS/Source/timers.o
 .bss.xTimerQueue
                0x0000000024001198        0x4 ./Middlewares/Third_Party/FreeRTOS/Source/timers.o
 .bss.xTimerTaskHandle
                0x000000002400119c        0x4 ./Middlewares/Third_Party/FreeRTOS/Source/timers.o
 .bss.xLastTime.2
                0x00000000240011a0        0x4 ./Middlewares/Third_Party/FreeRTOS/Source/timers.o
 .bss.ucStaticTimerQueueStorage.1
                0x00000000240011a4       0xa0 ./Middlewares/Third_Party/FreeRTOS/Source/timers.o
 .bss.xStaticTimerQueue.0
                0x0000000024001244       0x50 ./Middlewares/Third_Party/FreeRTOS/Source/timers.o
 .bss.ucMaxSysCallPriority
                0x0000000024001294        0x1 ./Middlewares/Third_Party/FreeRTOS/Source/portable/GCC/ARM_CM4F/port.o
 *fill*         0x0000000024001295        0x3 
 .bss.ulMaxPRIGROUPValue
                0x0000000024001298        0x4 ./Middlewares/Third_Party/FreeRTOS/Source/portable/GCC/ARM_CM4F/port.o
 .bss.ucHeap    0x000000002400129c     0x3c00 ./Middlewares/Third_Party/FreeRTOS/Source/portable/MemMang/heap_4.o
 .bss.xStart    0x0000000024004e9c        0x8 ./Middlewares/Third_Party/FreeRTOS/Source/portable/MemMang/heap_4.o
 .bss.pxEnd     0x0000000024004ea4        0x4 ./Middlewares/Third_Party/FreeRTOS/Source/portable/MemMang/heap_4.o
 .bss.xFreeBytesRemaining
                0x0000000024004ea8        0x4 ./Middlewares/Third_Party/FreeRTOS/Source/portable/MemMang/heap_4.o
 .bss.xMinimumEverFreeBytesRemaining
                0x0000000024004eac        0x4 ./Middlewares/Third_Party/FreeRTOS/Source/portable/MemMang/heap_4.o
 .bss.xNumberOfSuccessfulAllocations
                0x0000000024004eb0        0x4 ./Middlewares/Third_Party/FreeRTOS/Source/portable/MemMang/heap_4.o
 .bss.xNumberOfSuccessfulFrees
                0x0000000024004eb4        0x4 ./Middlewares/Third_Party/FreeRTOS/Source/portable/MemMang/heap_4.o
 .bss.xBlockAllocatedBit
                0x0000000024004eb8        0x4 ./Middlewares/Third_Party/FreeRTOS/Source/portable/MemMang/heap_4.o
 .bss.hUsbDeviceHS
                0x0000000024004ebc      0x2dc ./USB_DEVICE/App/usb_device.o
                0x0000000024004ebc                hUsbDeviceHS
 .bss.UserRxBufferHS
                0x0000000024005198      0x800 ./USB_DEVICE/App/usbd_cdc_if.o
                0x0000000024005198                UserRxBufferHS
 .bss.UserTxBufferHS
                0x0000000024005998      0x800 ./USB_DEVICE/App/usbd_cdc_if.o
                0x0000000024005998                UserTxBufferHS
 .bss.USBD_StrDesc
                0x0000000024006198      0x200 ./USB_DEVICE/App/usbd_desc.o
                0x0000000024006198                USBD_StrDesc
 .bss.hpcd_USB_OTG_HS
                0x0000000024006398      0x50c ./USB_DEVICE/Target/usbd_conf.o
                0x0000000024006398                hpcd_USB_OTG_HS
 .bss.mem.0     0x00000000240068a4      0x220 ./USB_DEVICE/Target/usbd_conf.o
 .bss.__lock___malloc_recursive_mutex
                0x0000000024006ac4        0x1 c:/st/stm32cubeide_1.10.1/stm32cubeide/plugins/com.st.stm32cube.ide.mcu.externaltools.gnu-tools-for-stm32.10.3-2021.10.win32_1.0.200.202301161003/tools/bin/../lib/gcc/arm-none-eabi/10.3.1/../../../../arm-none-eabi/lib/thumb/v7e-m+dp/hard\libc_nano.a(lib_a-lock.o)
                0x0000000024006ac4                __lock___malloc_recursive_mutex
 *fill*         0x0000000024006ac5        0x3 
 .bss.__malloc_free_list