../Core/Src/main.c:93:5:main	24	static,ignoring_inline_asm
../Core/Src/main.c:183:6:SystemClock_Config	120	static
../Core/Src/main.c:242:13:MX_DTS_Init	8	static
../Core/Src/main.c:275:13:MX_FDCAN1_Init	8	static
../Core/Src/main.c:328:13:MX_I2C1_Init	8	static
../Core/Src/main.c:376:13:MX_I2C3_Init	8	static
../Core/Src/main.c:424:13:MX_I2C4_Init	8	static
../Core/Src/main.c:472:13:MX_SPI4_Init	8	static
../Core/Src/main.c:520:13:MX_SPI5_Init	8	static
../Core/Src/main.c:568:13:MX_GPIO_Init	40	static
../Core/Src/main.c:597:6:StartDefaultTask	16	static
../Core/Src/main.c:618:6:HAL_TIM_PeriodElapsedCallback	16	static
../Core/Src/main.c:635:6:Error_Handler	4	static,ignoring_inline_asm
