../Drivers/STM32U5xx_HAL_Driver/Inc/stm32u5xx_ll_bus.h:823:22:LL_AHB2_GRP1_EnableClock	24	static
../Drivers/STM32U5xx_HAL_Driver/Inc/stm32u5xx_ll_bus.h:1873:22:LL_APB1_GRP2_EnableClock	24	static
../Core/Src/main.c:83:5:main	8	static
../Core/Src/main.c:137:6:SystemClock_Config	160	static
../Core/Src/main.c:210:13:MX_ADC1_Init	8	static
../Core/Src/main.c:254:13:MX_ADC4_Init	40	static
../Core/Src/main.c:340:13:MX_DCACHE1_Init	8	static
../Core/Src/main.c:367:13:MX_FDCAN1_Init	8	static
../Core/Src/main.c:410:13:MX_I2C2_Init	8	static
../Core/Src/main.c:465:13:MX_ICACHE_Init	32	static
../Core/Src/main.c:515:13:MX_UCPD1_Init	32	static
../Core/Src/main.c:557:13:MX_USB_OTG_FS_PCD_Init	8	static
../Core/Src/main.c:591:13:MX_GPIO_Init	32	static
../Core/Src/main.c:619:6:HAL_TIM_PeriodElapsedCallback	16	static
../Core/Src/main.c:636:6:Error_Handler	4	static,ignoring_inline_asm
